Archive member included to satisfy reference by file (symbol)

d:/app/armgcc~1/102021~1.10/bin/../lib/gcc/arm-none-eabi/10.3.1/../../../../arm-none-eabi/lib/thumb/v7-m/nofp\libg.a(lib_a-errno.o)
                              CMakeFiles/ST7735s.elf.dir/Core/Src/syscalls.c.obj (__errno)
d:/app/armgcc~1/102021~1.10/bin/../lib/gcc/arm-none-eabi/10.3.1/../../../../arm-none-eabi/lib/thumb/v7-m/nofp\libg.a(lib_a-exit.o)
                              d:/app/armgcc~1/102021~1.10/bin/../lib/gcc/arm-none-eabi/10.3.1/../../../../arm-none-eabi/lib/thumb/v7-m/nofp/crt0.o (exit)
d:/app/armgcc~1/102021~1.10/bin/../lib/gcc/arm-none-eabi/10.3.1/../../../../arm-none-eabi/lib/thumb/v7-m/nofp\libg.a(lib_a-impure.o)
                              d:/app/armgcc~1/102021~1.10/bin/../lib/gcc/arm-none-eabi/10.3.1/../../../../arm-none-eabi/lib/thumb/v7-m/nofp\libg.a(lib_a-exit.o) (_global_impure_ptr)
d:/app/armgcc~1/102021~1.10/bin/../lib/gcc/arm-none-eabi/10.3.1/../../../../arm-none-eabi/lib/thumb/v7-m/nofp\libg.a(lib_a-init.o)
                              d:/app/armgcc~1/102021~1.10/bin/../lib/gcc/arm-none-eabi/10.3.1/../../../../arm-none-eabi/lib/thumb/v7-m/nofp/crt0.o (__libc_init_array)
d:/app/armgcc~1/102021~1.10/bin/../lib/gcc/arm-none-eabi/10.3.1/../../../../arm-none-eabi/lib/thumb/v7-m/nofp\libg.a(lib_a-memset.o)
                              d:/app/armgcc~1/102021~1.10/bin/../lib/gcc/arm-none-eabi/10.3.1/../../../../arm-none-eabi/lib/thumb/v7-m/nofp/crt0.o (memset)
d:/app/armgcc~1/102021~1.10/bin/../lib/gcc/arm-none-eabi/10.3.1/../../../../arm-none-eabi/lib/thumb/v7-m/nofp\libg.a(lib_a-__call_atexit.o)
                              d:/app/armgcc~1/102021~1.10/bin/../lib/gcc/arm-none-eabi/10.3.1/../../../../arm-none-eabi/lib/thumb/v7-m/nofp\libg.a(lib_a-exit.o) (__call_exitprocs)
d:/app/armgcc~1/102021~1.10/bin/../lib/gcc/arm-none-eabi/10.3.1/../../../../arm-none-eabi/lib/thumb/v7-m/nofp\libg.a(lib_a-atexit.o)
                              d:/app/armgcc~1/102021~1.10/bin/../lib/gcc/arm-none-eabi/10.3.1/../../../../arm-none-eabi/lib/thumb/v7-m/nofp\libg.a(lib_a-__call_atexit.o) (atexit)
d:/app/armgcc~1/102021~1.10/bin/../lib/gcc/arm-none-eabi/10.3.1/../../../../arm-none-eabi/lib/thumb/v7-m/nofp\libg.a(lib_a-fini.o)
                              d:/app/armgcc~1/102021~1.10/bin/../lib/gcc/arm-none-eabi/10.3.1/../../../../arm-none-eabi/lib/thumb/v7-m/nofp\libg.a(lib_a-__call_atexit.o) (__libc_fini_array)
d:/app/armgcc~1/102021~1.10/bin/../lib/gcc/arm-none-eabi/10.3.1/../../../../arm-none-eabi/lib/thumb/v7-m/nofp\libg.a(lib_a-lock.o)
                              d:/app/armgcc~1/102021~1.10/bin/../lib/gcc/arm-none-eabi/10.3.1/../../../../arm-none-eabi/lib/thumb/v7-m/nofp\libg.a(lib_a-__call_atexit.o) (__retarget_lock_acquire_recursive)
d:/app/armgcc~1/102021~1.10/bin/../lib/gcc/arm-none-eabi/10.3.1/../../../../arm-none-eabi/lib/thumb/v7-m/nofp\libg.a(lib_a-__atexit.o)
                              d:/app/armgcc~1/102021~1.10/bin/../lib/gcc/arm-none-eabi/10.3.1/../../../../arm-none-eabi/lib/thumb/v7-m/nofp\libg.a(lib_a-atexit.o) (__register_exitproc)

Discarded input sections

 .text          0x00000000        0x0 d:/app/armgcc~1/102021~1.10/bin/../lib/gcc/arm-none-eabi/10.3.1/thumb/v7-m/nofp/crti.o
 .data          0x00000000        0x0 d:/app/armgcc~1/102021~1.10/bin/../lib/gcc/arm-none-eabi/10.3.1/thumb/v7-m/nofp/crti.o
 .bss           0x00000000        0x0 d:/app/armgcc~1/102021~1.10/bin/../lib/gcc/arm-none-eabi/10.3.1/thumb/v7-m/nofp/crti.o
 .data          0x00000000        0x4 d:/app/armgcc~1/102021~1.10/bin/../lib/gcc/arm-none-eabi/10.3.1/thumb/v7-m/nofp/crtbegin.o
 .rodata        0x00000000       0x24 d:/app/armgcc~1/102021~1.10/bin/../lib/gcc/arm-none-eabi/10.3.1/thumb/v7-m/nofp/crtbegin.o
 .text          0x00000000       0x7c d:/app/armgcc~1/102021~1.10/bin/../lib/gcc/arm-none-eabi/10.3.1/../../../../arm-none-eabi/lib/thumb/v7-m/nofp/crt0.o
 .data          0x00000000        0x0 d:/app/armgcc~1/102021~1.10/bin/../lib/gcc/arm-none-eabi/10.3.1/../../../../arm-none-eabi/lib/thumb/v7-m/nofp/crt0.o
 .bss           0x00000000        0x0 d:/app/armgcc~1/102021~1.10/bin/../lib/gcc/arm-none-eabi/10.3.1/../../../../arm-none-eabi/lib/thumb/v7-m/nofp/crt0.o
 .ARM.extab     0x00000000        0x0 d:/app/armgcc~1/102021~1.10/bin/../lib/gcc/arm-none-eabi/10.3.1/../../../../arm-none-eabi/lib/thumb/v7-m/nofp/crt0.o
 .ARM.exidx     0x00000000       0x10 d:/app/armgcc~1/102021~1.10/bin/../lib/gcc/arm-none-eabi/10.3.1/../../../../arm-none-eabi/lib/thumb/v7-m/nofp/crt0.o
 .ARM.attributes
                0x00000000       0x1b d:/app/armgcc~1/102021~1.10/bin/../lib/gcc/arm-none-eabi/10.3.1/../../../../arm-none-eabi/lib/thumb/v7-m/nofp/crt0.o
 .text          0x00000000        0x0 CMakeFiles/ST7735s.elf.dir/Core/Src/main.c.obj
 .data          0x00000000        0x0 CMakeFiles/ST7735s.elf.dir/Core/Src/main.c.obj
 .bss           0x00000000        0x0 CMakeFiles/ST7735s.elf.dir/Core/Src/main.c.obj
[...]
Memory Configuration

Name             Origin             Length             Attributes
RAM              0x20000000         0x0000c000         xrw
FLASH            0x08000000         0x00040000         xr
*default*        0x00000000         0xffffffff

Linker script and memory map

LOAD d:/app/armgcc~1/102021~1.10/bin/../lib/gcc/arm-none-eabi/10.3.1/thumb/v7-m/nofp/crti.o
LOAD d:/app/armgcc~1/102021~1.10/bin/../lib/gcc/arm-none-eabi/10.3.1/thumb/v7-m/nofp/crtbegin.o
LOAD d:/app/armgcc~1/102021~1.10/bin/../lib/gcc/arm-none-eabi/10.3.1/../../../../arm-none-eabi/lib/thumb/v7-m/nofp/crt0.o
LOAD CMakeFiles/ST7735s.elf.dir/Core/Src/main.c.obj
LOAD CMakeFiles/ST7735s.elf.dir/Core/Src/stm32f1xx_hal_msp.c.obj
LOAD CMakeFiles/ST7735s.elf.dir/Core/Src/stm32f1xx_it.c.obj
LOAD CMakeFiles/ST7735s.elf.dir/Core/Src/syscalls.c.obj
LOAD CMakeFiles/ST7735s.elf.dir/Core/Src/sysmem.c.obj
LOAD CMakeFiles/ST7735s.elf.dir/Core/Src/system_stm32f1xx.c.obj
LOAD CMakeFiles/ST7735s.elf.dir/Core/Startup/startup_stm32f103rctx.s.obj
LOAD CMakeFiles/ST7735s.elf.dir/Core/st7735s/lcd.c.obj
LOAD CMakeFiles/ST7735s.elf.dir/Core/st7735s/lcd_init.c.obj
LOAD CMakeFiles/ST7735s.elf.dir/Drivers/STM32F1xx_HAL_Driver/Src/stm32f1xx_hal.c.obj
LOAD CMakeFiles/ST7735s.elf.dir/Drivers/STM32F1xx_HAL_Driver/Src/stm32f1xx_hal_cortex.c.obj
LOAD CMakeFiles/ST7735s.elf.dir/Drivers/STM32F1xx_HAL_Driver/Src/stm32f1xx_hal_dma.c.obj
LOAD CMakeFiles/ST7735s.elf.dir/Drivers/STM32F1xx_HAL_Driver/Src/stm32f1xx_hal_exti.c.obj
LOAD CMakeFiles/ST7735s.elf.dir/Drivers/STM32F1xx_HAL_Driver/Src/stm32f1xx_hal_flash.c.obj
LOAD CMakeFiles/ST7735s.elf.dir/Drivers/STM32F1xx_HAL_Driver/Src/stm32f1xx_hal_flash_ex.c.obj
LOAD CMakeFiles/ST7735s.elf.dir/Drivers/STM32F1xx_HAL_Driver/Src/stm32f1xx_hal_gpio.c.obj
LOAD CMakeFiles/ST7735s.elf.dir/Drivers/STM32F1xx_HAL_Driver/Src/stm32f1xx_hal_gpio_ex.c.obj
LOAD CMakeFiles/ST7735s.elf.dir/Drivers/STM32F1xx_HAL_Driver/Src/stm32f1xx_hal_pwr.c.obj
LOAD CMakeFiles/ST7735s.elf.dir/Drivers/STM32F1xx_HAL_Driver/Src/stm32f1xx_hal_rcc.c.obj
LOAD CMakeFiles/ST7735s.elf.dir/Drivers/STM32F1xx_HAL_Driver/Src/stm32f1xx_hal_rcc_ex.c.obj
LOAD CMakeFiles/ST7735s.elf.dir/Drivers/STM32F1xx_HAL_Driver/Src/stm32f1xx_hal_tim.c.obj
LOAD CMakeFiles/ST7735s.elf.dir/Drivers/STM32F1xx_HAL_Driver/Src/stm32f1xx_hal_tim_ex.c.obj
LOAD CMakeFiles/ST7735s.elf.dir/Drivers/STM32F1xx_HAL_Driver/Src/stm32f1xx_hal_uart.c.obj
START GROUP
LOAD d:/app/armgcc~1/102021~1.10/bin/../lib/gcc/arm-none-eabi/10.3.1/thumb/v7-m/nofp\libgcc.a
LOAD d:/app/armgcc~1/102021~1.10/bin/../lib/gcc/arm-none-eabi/10.3.1/../../../../arm-none-eabi/lib/thumb/v7-m/nofp\libg.a
LOAD d:/app/armgcc~1/102021~1.10/bin/../lib/gcc/arm-none-eabi/10.3.1/../../../../arm-none-eabi/lib/thumb/v7-m/nofp\libc.a
END GROUP
LOAD d:/app/armgcc~1/102021~1.10/bin/../lib/gcc/arm-none-eabi/10.3.1/thumb/v7-m/nofp/crtend.o
LOAD d:/app/armgcc~1/102021~1.10/bin/../lib/gcc/arm-none-eabi/10.3.1/thumb/v7-m/nofp/crtn.o
                0x2000c000                _estack = (ORIGIN (RAM) + LENGTH (RAM))
                0x00000200                _Min_Heap_Size = 0x200
                0x00000400                _Min_Stack_Size = 0x400

.isr_vector     0x08000000      0x1e4
                0x08000000                . = ALIGN (0x4)
 *(.isr_vector)
 .isr_vector    0x08000000      0x1e4 CMakeFiles/ST7735s.elf.dir/Core/Startup/startup_stm32f103rctx.s.obj
                0x08000000                g_pfnVectors
                0x080001e4                . = ALIGN (0x4)

.text           0x080001e4     0x1320
                0x080001e4                . = ALIGN (0x4)
 *(.text)
 .text          0x080001e4       0x40 d:/app/armgcc~1/102021~1.10/bin/../lib/gcc/arm-none-eabi/10.3.1/thumb/v7-m/nofp/crtbegin.o
 *(.text*)
 .text.MX_GPIO_Init
                0x08000224       0x8c CMakeFiles/ST7735s.elf.dir/Core/Src/main.c.obj
 .text.Error_Handler
                0x080002b0        0x4 CMakeFiles/ST7735s.elf.dir/Core/Src/main.c.obj
                0x080002b0                Error_Handler
 .text.MX_USART1_UART_Init
                0x080002b4       0x34 CMakeFiles/ST7735s.elf.dir/Core/Src/main.c.obj
 .text.SystemClock_Config
                0x080002e8       0x52 CMakeFiles/ST7735s.elf.dir/Core/Src/main.c.obj
                0x080002e8                SystemClock_Config
 .text.main     0x0800033a       0x3a CMakeFiles/ST7735s.elf.dir/Core/Src/main.c.obj
                0x0800033a                main
 .text.HAL_MspInit
                0x08000374       0x44 CMakeFiles/ST7735s.elf.dir/Core/Src/stm32f1xx_hal_msp.c.obj
                0x08000374                HAL_MspInit
 .text.HAL_UART_MspInit
                0x080003b8       0x78 CMakeFiles/ST7735s.elf.dir/Core/Src/stm32f1xx_hal_msp.c.obj
                0x080003b8                HAL_UART_MspInit
 .text.NMI_Handler
                0x08000430        0x2 CMakeFiles/ST7735s.elf.dir/Core/Src/stm32f1xx_it.c.obj
                0x08000430                NMI_Handler
 .text.HardFault_Handler
                0x08000432        0x2 CMakeFiles/ST7735s.elf.dir/Core/Src/stm32f1xx_it.c.obj
                0x08000432                HardFault_Handler
 .text.MemManage_Handler
                0x08000434        0x2 CMakeFiles/ST7735s.elf.dir/Core/Src/stm32f1xx_it.c.obj
                0x08000434                MemManage_Handler
 .text.BusFault_Handler
                0x08000436        0x2 CMakeFiles/ST7735s.elf.dir/Core/Src/stm32f1xx_it.c.obj
                0x08000436                BusFault_Handler
 .text.UsageFault_Handler
                0x08000438        0x2 CMakeFiles/ST7735s.elf.dir/Core/Src/stm32f1xx_it.c.obj
                0x08000438                UsageFault_Handler
 .text.SVC_Handler
                0x0800043a        0x2 CMakeFiles/ST7735s.elf.dir/Core/Src/stm32f1xx_it.c.obj
                0x0800043a                SVC_Handler
 .text.DebugMon_Handler
                0x0800043c        0x2 CMakeFiles/ST7735s.elf.dir/Core/Src/stm32f1xx_it.c.obj
                0x0800043c                DebugMon_Handler
 .text.PendSV_Handler
                0x0800043e        0x2 CMakeFiles/ST7735s.elf.dir/Core/Src/stm32f1xx_it.c.obj
                0x0800043e                PendSV_Handler
 .text.SysTick_Handler
                0x08000440        0x8 CMakeFiles/ST7735s.elf.dir/Core/Src/stm32f1xx_it.c.obj
                0x08000440                SysTick_Handler
 .text.SystemInit
                0x08000448        0x2 CMakeFiles/ST7735s.elf.dir/Core/Src/system_stm32f1xx.c.obj
                0x08000448                SystemInit
 *fill*         0x0800044a        0x2 
 .text.Reset_Handler
                0x0800044c       0x48 CMakeFiles/ST7735s.elf.dir/Core/Startup/startup_stm32f103rctx.s.obj
                0x0800044c                Reset_Handler
 .text.Default_Handler
                0x08000494        0x2 CMakeFiles/ST7735s.elf.dir/Core/Startup/startup_stm32f103rctx.s.obj
                0x08000494                RTC_Alarm_IRQHandler
                0x08000494                EXTI2_IRQHandler
                0x08000494                TIM8_TRG_COM_IRQHandler
                0x08000494                TIM8_CC_IRQHandler
                0x08000494                TIM1_CC_IRQHandler
                0x08000494                TIM6_IRQHandler
                0x08000494                PVD_IRQHandler
                0x08000494                SDIO_IRQHandler
                0x08000494                EXTI3_IRQHandler
                0x08000494                EXTI0_IRQHandler
                0x08000494                I2C2_EV_IRQHandler
                0x08000494                ADC1_2_IRQHandler
                0x08000494                SPI1_IRQHandler
                0x08000494                TAMPER_IRQHandler
                0x08000494                TIM8_UP_IRQHandler
                0x08000494                DMA2_Channel2_IRQHandler
                0x08000494                DMA1_Channel4_IRQHandler
                0x08000494                USART3_IRQHandler
                0x08000494                RTC_IRQHandler
                0x08000494                DMA1_Channel7_IRQHandler
                0x08000494                CAN1_RX1_IRQHandler
                0x08000494                UART5_IRQHandler
                0x08000494                ADC3_IRQHandler
                0x08000494                TIM4_IRQHandler
                0x08000494                DMA2_Channel1_IRQHandler
                0x08000494                I2C1_EV_IRQHandler
                0x08000494                DMA1_Channel6_IRQHandler
                0x08000494                UART4_IRQHandler
                0x08000494                TIM3_IRQHandler
                0x08000494                RCC_IRQHandler
                0x08000494                TIM1_TRG_COM_IRQHandler
                0x08000494                DMA1_Channel1_IRQHandler
                0x08000494                Default_Handler
                0x08000494                EXTI15_10_IRQHandler
                0x08000494                TIM7_IRQHandler
                0x08000494                TIM5_IRQHandler
                0x08000494                EXTI9_5_IRQHandler
                0x08000494                SPI2_IRQHandler
                0x08000494                DMA1_Channel5_IRQHandler
                0x08000494                EXTI4_IRQHandler
                0x08000494                USB_LP_CAN1_RX0_IRQHandler
                0x08000494                USB_HP_CAN1_TX_IRQHandler
                0x08000494                DMA1_Channel3_IRQHandler
                0x08000494                FSMC_IRQHandler
                0x08000494                TIM1_UP_IRQHandler
                0x08000494                WWDG_IRQHandler
                0x08000494                TIM2_IRQHandler
                0x08000494                TIM1_BRK_IRQHandler
                0x08000494                EXTI1_IRQHandler
                0x08000494                DMA2_Channel4_5_IRQHandler
                0x08000494                USART2_IRQHandler
                0x08000494                I2C2_ER_IRQHandler
                0x08000494                DMA1_Channel2_IRQHandler
                0x08000494                TIM8_BRK_IRQHandler
                0x08000494                CAN1_SCE_IRQHandler
                0x08000494                FLASH_IRQHandler
                0x08000494                USART1_IRQHandler
                0x08000494                SPI3_IRQHandler
                0x08000494                I2C1_ER_IRQHandler
                0x08000494                USBWakeUp_IRQHandler
                0x08000494                DMA2_Channel3_IRQHandler
 .text.lcdFill  0x08000496       0x4a CMakeFiles/ST7735s.elf.dir/Core/st7735s/lcd.c.obj
                0x08000496                lcdFill
 .text.lcdWrite
                0x080004e0       0x64 CMakeFiles/ST7735s.elf.dir/Core/st7735s/lcd_init.c.obj
                0x080004e0                lcdWrite
 .text.lcdWriteData8
                0x08000544       0x1c CMakeFiles/ST7735s.elf.dir/Core/st7735s/lcd_init.c.obj
                0x08000544                lcdWriteData8
 .text.lcdWriteData
                0x08000560       0x20 CMakeFiles/ST7735s.elf.dir/Core/st7735s/lcd_init.c.obj
                0x08000560                lcdWriteData
 .text.lcdWriteCommand
                0x08000580       0x1c CMakeFiles/ST7735s.elf.dir/Core/st7735s/lcd_init.c.obj
                0x08000580                lcdWriteCommand
 .text.lcdSetAddress
                0x0800059c       0x36 CMakeFiles/ST7735s.elf.dir/Core/st7735s/lcd_init.c.obj
                0x0800059c                lcdSetAddress
 *fill*         0x080005d2        0x2 
 .text.lcdReset
                0x080005d4       0x2c CMakeFiles/ST7735s.elf.dir/Core/st7735s/lcd_init.c.obj
                0x080005d4                lcdReset
 .text.lcdInit  0x08000600      0x21e CMakeFiles/ST7735s.elf.dir/Core/st7735s/lcd_init.c.obj
                0x08000600                lcdInit
 *fill*         0x0800081e        0x2 
 .text.HAL_InitTick
                0x08000820       0x4c CMakeFiles/ST7735s.elf.dir/Drivers/STM32F1xx_HAL_Driver/Src/stm32f1xx_hal.c.obj
                0x08000820                HAL_InitTick
 .text.HAL_Init
                0x0800086c       0x24 CMakeFiles/ST7735s.elf.dir/Drivers/STM32F1xx_HAL_Driver/Src/stm32f1xx_hal.c.obj
                0x0800086c                HAL_Init
 .text.HAL_IncTick
                0x08000890       0x18 CMakeFiles/ST7735s.elf.dir/Drivers/STM32F1xx_HAL_Driver/Src/stm32f1xx_hal.c.obj
                0x08000890                HAL_IncTick
 .text.HAL_GetTick
                0x080008a8        0xc CMakeFiles/ST7735s.elf.dir/Drivers/STM32F1xx_HAL_Driver/Src/stm32f1xx_hal.c.obj
                0x080008a8                HAL_GetTick
 .text.HAL_Delay
                0x080008b4       0x28 CMakeFiles/ST7735s.elf.dir/Drivers/STM32F1xx_HAL_Driver/Src/stm32f1xx_hal.c.obj
                0x080008b4                HAL_Delay
 .text.HAL_NVIC_SetPriorityGrouping
                0x080008dc       0x24 CMakeFiles/ST7735s.elf.dir/Drivers/STM32F1xx_HAL_Driver/Src/stm32f1xx_hal_cortex.c.obj
                0x080008dc                HAL_NVIC_SetPriorityGrouping
 .text.HAL_NVIC_SetPriority
                0x08000900       0x70 CMakeFiles/ST7735s.elf.dir/Drivers/STM32F1xx_HAL_Driver/Src/stm32f1xx_hal_cortex.c.obj
                0x08000900                HAL_NVIC_SetPriority
 .text.HAL_SYSTICK_Config
                0x08000970       0x28 CMakeFiles/ST7735s.elf.dir/Drivers/STM32F1xx_HAL_Driver/Src/stm32f1xx_hal_cortex.c.obj
                0x08000970                HAL_SYSTICK_Config
 .text.HAL_GPIO_Init
                0x08000998      0x240 CMakeFiles/ST7735s.elf.dir/Drivers/STM32F1xx_HAL_Driver/Src/stm32f1xx_hal_gpio.c.obj
                0x08000998                HAL_GPIO_Init
 .text.HAL_GPIO_WritePin
                0x08000bd8        0xc CMakeFiles/ST7735s.elf.dir/Drivers/STM32F1xx_HAL_Driver/Src/stm32f1xx_hal_gpio.c.obj
                0x08000bd8                HAL_GPIO_WritePin
 .text.RCC_Delay
                0x08000be4       0x2c CMakeFiles/ST7735s.elf.dir/Drivers/STM32F1xx_HAL_Driver/Src/stm32f1xx_hal_rcc.c.obj
 .text.HAL_RCC_OscConfig
                0x08000c10      0x410 CMakeFiles/ST7735s.elf.dir/Drivers/STM32F1xx_HAL_Driver/Src/stm32f1xx_hal_rcc.c.obj
                0x08000c10                HAL_RCC_OscConfig
 .text.HAL_RCC_GetSysClockFreq
                0x08001020       0x54 CMakeFiles/ST7735s.elf.dir/Drivers/STM32F1xx_HAL_Driver/Src/stm32f1xx_hal_rcc.c.obj
                0x08001020                HAL_RCC_GetSysClockFreq
 .text.HAL_RCC_ClockConfig
                0x08001074      0x16c CMakeFiles/ST7735s.elf.dir/Drivers/STM32F1xx_HAL_Driver/Src/stm32f1xx_hal_rcc.c.obj
                0x08001074                HAL_RCC_ClockConfig
 .text.HAL_RCC_GetHCLKFreq
                0x080011e0        0xc CMakeFiles/ST7735s.elf.dir/Drivers/STM32F1xx_HAL_Driver/Src/stm32f1xx_hal_rcc.c.obj
                0x080011e0                HAL_RCC_GetHCLKFreq
 .text.HAL_RCC_GetPCLK1Freq
                0x080011ec       0x20 CMakeFiles/ST7735s.elf.dir/Drivers/STM32F1xx_HAL_Driver/Src/stm32f1xx_hal_rcc.c.obj
                0x080011ec                HAL_RCC_GetPCLK1Freq
 .text.HAL_RCC_GetPCLK2Freq
                0x0800120c       0x20 CMakeFiles/ST7735s.elf.dir/Drivers/STM32F1xx_HAL_Driver/Src/stm32f1xx_hal_rcc.c.obj
                0x0800120c                HAL_RCC_GetPCLK2Freq
 .text.UART_SetConfig
                0x0800122c       0x94 CMakeFiles/ST7735s.elf.dir/Drivers/STM32F1xx_HAL_Driver/Src/stm32f1xx_hal_uart.c.obj
 .text.HAL_UART_Init
                0x080012c0       0x60 CMakeFiles/ST7735s.elf.dir/Drivers/STM32F1xx_HAL_Driver/Src/stm32f1xx_hal_uart.c.obj
                0x080012c0                HAL_UART_Init
 .text.__libc_init_array
                0x08001320       0x48 d:/app/armgcc~1/102021~1.10/bin/../lib/gcc/arm-none-eabi/10.3.1/../../../../arm-none-eabi/lib/thumb/v7-m/nofp\libg.a(lib_a-init.o)
                0x08001320                __libc_init_array
 .text.memset   0x08001368       0xa4 d:/app/armgcc~1/102021~1.10/bin/../lib/gcc/arm-none-eabi/10.3.1/../../../../arm-none-eabi/lib/thumb/v7-m/nofp\libg.a(lib_a-memset.o)
                0x08001368                memset
 .text.startup.register_fini
                0x0800140c       0x14 d:/app/armgcc~1/102021~1.10/bin/../lib/gcc/arm-none-eabi/10.3.1/../../../../arm-none-eabi/lib/thumb/v7-m/nofp\libg.a(lib_a-__call_atexit.o)
 .text.atexit   0x08001420        0xc d:/app/armgcc~1/102021~1.10/bin/../lib/gcc/arm-none-eabi/10.3.1/../../../../arm-none-eabi/lib/thumb/v7-m/nofp\libg.a(lib_a-atexit.o)
                0x08001420                atexit
 .text.__libc_fini_array
                0x0800142c       0x2c d:/app/armgcc~1/102021~1.10/bin/../lib/gcc/arm-none-eabi/10.3.1/../../../../arm-none-eabi/lib/thumb/v7-m/nofp\libg.a(lib_a-fini.o)
                0x0800142c                __libc_fini_array
 .text.__retarget_lock_acquire_recursive
                0x08001458        0x4 d:/app/armgcc~1/102021~1.10/bin/../lib/gcc/arm-none-eabi/10.3.1/../../../../arm-none-eabi/lib/thumb/v7-m/nofp\libg.a(lib_a-lock.o)
                0x08001458                __retarget_lock_acquire_recursive
 .text.__retarget_lock_release_recursive
                0x0800145c        0x4 d:/app/armgcc~1/102021~1.10/bin/../lib/gcc/arm-none-eabi/10.3.1/../../../../arm-none-eabi/lib/thumb/v7-m/nofp\libg.a(lib_a-lock.o)
                0x0800145c                __retarget_lock_release_recursive
 .text.__register_exitproc
                0x08001460       0x8c d:/app/armgcc~1/102021~1.10/bin/../lib/gcc/arm-none-eabi/10.3.1/../../../../arm-none-eabi/lib/thumb/v7-m/nofp\libg.a(lib_a-__atexit.o)
                0x08001460                __register_exitproc
 *(.glue_7)
 .glue_7        0x080014ec        0x0 linker stubs
 *(.glue_7t)
 .glue_7t       0x080014ec        0x0 linker stubs
 *(.eh_frame)
 .eh_frame      0x080014ec        0x0 d:/app/armgcc~1/102021~1.10/bin/../lib/gcc/arm-none-eabi/10.3.1/thumb/v7-m/nofp/crtbegin.o
 *(.init)
 .init          0x080014ec        0x4 d:/app/armgcc~1/102021~1.10/bin/../lib/gcc/arm-none-eabi/10.3.1/thumb/v7-m/nofp/crti.o
                0x080014ec                _init
 .init          0x080014f0        0x8 d:/app/armgcc~1/102021~1.10/bin/../lib/gcc/arm-none-eabi/10.3.1/thumb/v7-m/nofp/crtn.o
 *(.fini)
 .fini          0x080014f8        0x4 d:/app/armgcc~1/102021~1.10/bin/../lib/gcc/arm-none-eabi/10.3.1/thumb/v7-m/nofp/crti.o
                0x080014f8                _fini
 .fini          0x080014fc        0x8 d:/app/armgcc~1/102021~1.10/bin/../lib/gcc/arm-none-eabi/10.3.1/thumb/v7-m/nofp/crtn.o
                0x08001504                . = ALIGN (0x4)
                0x08001504                _etext = .

.vfp11_veneer   0x08001504        0x0
 .vfp11_veneer  0x08001504        0x0 linker stubs

.v4_bx          0x08001504        0x0
 .v4_bx         0x08001504        0x0 linker stubs

.iplt           0x08001504        0x0
 .iplt          0x08001504        0x0 d:/app/armgcc~1/102021~1.10/bin/../lib/gcc/arm-none-eabi/10.3.1/thumb/v7-m/nofp/crtbegin.o

.rodata         0x08001504       0x30
                0x08001504                . = ALIGN (0x4)
 *(.rodata)
 *(.rodata*)
 .rodata.AHBPrescTable
                0x08001504       0x10 CMakeFiles/ST7735s.elf.dir/Core/Src/system_stm32f1xx.c.obj
                0x08001504                AHBPrescTable
 .rodata.APBPrescTable
                0x08001514        0x8 CMakeFiles/ST7735s.elf.dir/Core/Src/system_stm32f1xx.c.obj
                0x08001514                APBPrescTable
 .rodata.aPLLMULFactorTable.1
                0x0800151c       0x10 CMakeFiles/ST7735s.elf.dir/Drivers/STM32F1xx_HAL_Driver/Src/stm32f1xx_hal_rcc.c.obj
 .rodata.aPredivFactorTable.0
                0x0800152c        0x2 CMakeFiles/ST7735s.elf.dir/Drivers/STM32F1xx_HAL_Driver/Src/stm32f1xx_hal_rcc.c.obj
 *fill*         0x0800152e        0x2 
 .rodata._global_impure_ptr
                0x08001530        0x4 d:/app/armgcc~1/102021~1.10/bin/../lib/gcc/arm-none-eabi/10.3.1/../../../../arm-none-eabi/lib/thumb/v7-m/nofp\libg.a(lib_a-impure.o)
                0x08001530                _global_impure_ptr
                0x08001534                . = ALIGN (0x4)

.rel.dyn        0x08001534        0x0
 .rel.iplt      0x08001534        0x0 d:/app/armgcc~1/102021~1.10/bin/../lib/gcc/arm-none-eabi/10.3.1/thumb/v7-m/nofp/crtbegin.o

.ARM.extab      0x08001534        0x0
                0x08001534                . = ALIGN (0x4)
 *(.ARM.extab* .gnu.linkonce.armextab.*)
                0x08001534                . = ALIGN (0x4)

.ARM            0x08001534        0x0
                0x08001534                . = ALIGN (0x4)
                0x08001534                __exidx_start = .
 *(.ARM.exidx*)
                0x08001534                __exidx_end = .
                0x08001534                . = ALIGN (0x4)

.preinit_array  0x08001534        0x0
                0x08001534                . = ALIGN (0x4)
                0x08001534                PROVIDE (__preinit_array_start = .)
 *(.preinit_array*)
                0x08001534                PROVIDE (__preinit_array_end = .)
                0x08001534                . = ALIGN (0x4)

.init_array     0x08001534        0x8
                0x08001534                . = ALIGN (0x4)
                0x08001534                PROVIDE (__init_array_start = .)
 *(SORT_BY_NAME(.init_array.*))
 .init_array.00000
                0x08001534        0x4 d:/app/armgcc~1/102021~1.10/bin/../lib/gcc/arm-none-eabi/10.3.1/../../../../arm-none-eabi/lib/thumb/v7-m/nofp\libg.a(lib_a-__call_atexit.o)
 *(.init_array*)
 .init_array    0x08001538        0x4 d:/app/armgcc~1/102021~1.10/bin/../lib/gcc/arm-none-eabi/10.3.1/thumb/v7-m/nofp/crtbegin.o
                0x0800153c                PROVIDE (__init_array_end = .)
                0x0800153c                . = ALIGN (0x4)

.fini_array     0x0800153c        0x4
                0x0800153c                . = ALIGN (0x4)
                0x0800153c                PROVIDE (__fini_array_start = .)
 *(SORT_BY_NAME(.fini_array.*))
 *(.fini_array*)
 .fini_array    0x0800153c        0x4 d:/app/armgcc~1/102021~1.10/bin/../lib/gcc/arm-none-eabi/10.3.1/thumb/v7-m/nofp/crtbegin.o
                0x08001540                PROVIDE (__fini_array_end = .)
                0x08001540                . = ALIGN (0x4)
                0x08001540                _sidata = LOADADDR (.data)

.data           0x20000000      0x43c load address 0x08001540
                0x20000000                . = ALIGN (0x4)
                0x20000000                _sdata = .
 *(.data)
 *(.data*)
 .data.SystemCoreClock
                0x20000000        0x4 CMakeFiles/ST7735s.elf.dir/Core/Src/system_stm32f1xx.c.obj
                0x20000000                SystemCoreClock
 .data.uwTickFreq
                0x20000004        0x1 CMakeFiles/ST7735s.elf.dir/Drivers/STM32F1xx_HAL_Driver/Src/stm32f1xx_hal.c.obj
                0x20000004                uwTickFreq
 *fill*         0x20000005        0x3 
 .data.uwTickPrio
                0x20000008        0x4 CMakeFiles/ST7735s.elf.dir/Drivers/STM32F1xx_HAL_Driver/Src/stm32f1xx_hal.c.obj
                0x20000008                uwTickPrio
 *fill*         0x2000000c        0x4 
 .data.impure_data
                0x20000010      0x428 d:/app/armgcc~1/102021~1.10/bin/../lib/gcc/arm-none-eabi/10.3.1/../../../../arm-none-eabi/lib/thumb/v7-m/nofp\libg.a(lib_a-impure.o)
 .data.__atexit_recursive_mutex
                0x20000438        0x4 d:/app/armgcc~1/102021~1.10/bin/../lib/gcc/arm-none-eabi/10.3.1/../../../../arm-none-eabi/lib/thumb/v7-m/nofp\libg.a(lib_a-__call_atexit.o)
                0x20000438                __atexit_recursive_mutex
 *(.RamFunc)
 *(.RamFunc*)
                0x2000043c                . = ALIGN (0x4)
                0x2000043c                _edata = .

.igot.plt       0x2000043c        0x0 load address 0x0800197c
 .igot.plt      0x2000043c        0x0 d:/app/armgcc~1/102021~1.10/bin/../lib/gcc/arm-none-eabi/10.3.1/thumb/v7-m/nofp/crtbegin.o
                0x2000043c                . = ALIGN (0x4)

.bss            0x2000043c       0x6c load address 0x0800197c
                0x2000043c                _sbss = .
                0x2000043c                __bss_start__ = _sbss
 *(.bss)
 .bss           0x2000043c       0x1c d:/app/armgcc~1/102021~1.10/bin/../lib/gcc/arm-none-eabi/10.3.1/thumb/v7-m/nofp/crtbegin.o
 *(.bss*)
 .bss.huart1    0x20000458       0x48 CMakeFiles/ST7735s.elf.dir/Core/Src/main.c.obj
                0x20000458                huart1
 .bss.uwTick    0x200004a0        0x4 CMakeFiles/ST7735s.elf.dir/Drivers/STM32F1xx_HAL_Driver/Src/stm32f1xx_hal.c.obj
                0x200004a0                uwTick
 .bss.__lock___atexit_recursive_mutex
                0x200004a4        0x1 d:/app/armgcc~1/102021~1.10/bin/../lib/gcc/arm-none-eabi/10.3.1/../../../../arm-none-eabi/lib/thumb/v7-m/nofp\libg.a(lib_a-lock.o)
                0x200004a4                __lock___atexit_recursive_mutex
 *(COMMON)
                0x200004a8                . = ALIGN (0x4)
 *fill*         0x200004a5        0x3 
                0x200004a8                _ebss = .
                0x200004a8                __bss_end__ = _ebss

._user_heap_stack
                0x200004a8      0x600 load address 0x0800197c
                0x200004a8                . = ALIGN (0x8)
                [!provide]                PROVIDE (end = .)
                0x200004a8                PROVIDE (_end = .)
                0x200006a8                . = (. + _Min_Heap_Size)
 *fill*         0x200004a8      0x200 
                0x20000aa8                . = (. + _Min_Stack_Size)
 *fill*         0x200006a8      0x400 
                0x20000aa8                . = ALIGN (0x8)

/DISCARD/
 libc.a(*)
 libm.a(*)
 libgcc.a(*)

.ARM.attributes
                0x00000000       0x29
 *(.ARM.attributes)
 .ARM.attributes
                0x00000000       0x1d d:/app/armgcc~1/102021~1.10/bin/../lib/gcc/arm-none-eabi/10.3.1/thumb/v7-m/nofp/crti.o
 .ARM.attributes
                0x0000001d       0x2d d:/app/armgcc~1/102021~1.10/bin/../lib/gcc/arm-none-eabi/10.3.1/thumb/v7-m/nofp/crtbegin.o
 .ARM.attributes
                0x0000004a       0x2d CMakeFiles/ST7735s.elf.dir/Core/Src/main.c.obj
 .ARM.attributes
                0x00000077       0x2d CMakeFiles/ST7735s.elf.dir/Core/Src/stm32f1xx_hal_msp.c.obj
 .ARM.attributes
                0x000000a4       0x2d CMakeFiles/ST7735s.elf.dir/Core/Src/stm32f1xx_it.c.obj
 .ARM.attributes
                0x000000d1       0x2d CMakeFiles/ST7735s.elf.dir/Core/Src/system_stm32f1xx.c.obj
 .ARM.attributes
                0x000000fe       0x21 CMakeFiles/ST7735s.elf.dir/Core/Startup/startup_stm32f103rctx.s.obj
 .ARM.attributes
                0x0000011f       0x2d CMakeFiles/ST7735s.elf.dir/Core/st7735s/lcd.c.obj
 .ARM.attributes
                0x0000014c       0x2d CMakeFiles/ST7735s.elf.dir/Core/st7735s/lcd_init.c.obj
 .ARM.attributes
                0x00000179       0x2d CMakeFiles/ST7735s.elf.dir/Drivers/STM32F1xx_HAL_Driver/Src/stm32f1xx_hal.c.obj
 .ARM.attributes
                0x000001a6       0x2d CMakeFiles/ST7735s.elf.dir/Drivers/STM32F1xx_HAL_Driver/Src/stm32f1xx_hal_cortex.c.obj
 .ARM.attributes
                0x000001d3       0x2d CMakeFiles/ST7735s.elf.dir/Drivers/STM32F1xx_HAL_Driver/Src/stm32f1xx_hal_gpio.c.obj
 .ARM.attributes
                0x00000200       0x2d CMakeFiles/ST7735s.elf.dir/Drivers/STM32F1xx_HAL_Driver/Src/stm32f1xx_hal_rcc.c.obj
 .ARM.attributes
                0x0000022d       0x2d CMakeFiles/ST7735s.elf.dir/Drivers/STM32F1xx_HAL_Driver/Src/stm32f1xx_hal_uart.c.obj
 .ARM.attributes
                0x0000025a       0x2d d:/app/armgcc~1/102021~1.10/bin/../lib/gcc/arm-none-eabi/10.3.1/../../../../arm-none-eabi/lib/thumb/v7-m/nofp\libg.a(lib_a-impure.o)
 .ARM.attributes
                0x00000287       0x2d d:/app/armgcc~1/102021~1.10/bin/../lib/gcc/arm-none-eabi/10.3.1/../../../../arm-none-eabi/lib/thumb/v7-m/nofp\libg.a(lib_a-init.o)
 .ARM.attributes
                0x000002b4       0x2d d:/app/armgcc~1/102021~1.10/bin/../lib/gcc/arm-none-eabi/10.3.1/../../../../arm-none-eabi/lib/thumb/v7-m/nofp\libg.a(lib_a-memset.o)
 .ARM.attributes
                0x000002e1       0x2d d:/app/armgcc~1/102021~1.10/bin/../lib/gcc/arm-none-eabi/10.3.1/../../../../arm-none-eabi/lib/thumb/v7-m/nofp\libg.a(lib_a-__call_atexit.o)
 .ARM.attributes
                0x0000030e       0x2d d:/app/armgcc~1/102021~1.10/bin/../lib/gcc/arm-none-eabi/10.3.1/../../../../arm-none-eabi/lib/thumb/v7-m/nofp\libg.a(lib_a-atexit.o)
 .ARM.attributes
                0x0000033b       0x2d d:/app/armgcc~1/102021~1.10/bin/../lib/gcc/arm-none-eabi/10.3.1/../../../../arm-none-eabi/lib/thumb/v7-m/nofp\libg.a(lib_a-fini.o)
 .ARM.attributes
                0x00000368       0x2d d:/app/armgcc~1/102021~1.10/bin/../lib/gcc/arm-none-eabi/10.3.1/../../../../arm-none-eabi/lib/thumb/v7-m/nofp\libg.a(lib_a-lock.o)
 .ARM.attributes
                0x00000395       0x2d d:/app/armgcc~1/102021~1.10/bin/../lib/gcc/arm-none-eabi/10.3.1/../../../../arm-none-eabi/lib/thumb/v7-m/nofp\libg.a(lib_a-__atexit.o)
 .ARM.attributes
                0x000003c2       0x1d d:/app/armgcc~1/102021~1.10/bin/../lib/gcc/arm-none-eabi/10.3.1/thumb/v7-m/nofp/crtn.o
OUTPUT(ST7735s.elf elf32-littlearm)
LOAD linker stubs
LOAD d:/app/armgcc~1/102021~1.10/bin/../lib/gcc/arm-none-eabi/10.3.1/../../../../arm-none-eabi/lib/thumb/v7-m/nofp\libc.a
LOAD d:/app/armgcc~1/102021~1.10/bin/../lib/gcc/arm-none-eabi/10.3.1/../../../../arm-none-eabi/lib/thumb/v7-m/nofp\libm.a
LOAD d:/app/armgcc~1/102021~1.10/bin/../lib/gcc/arm-none-eabi/10.3.1/thumb/v7-m/nofp\libgcc.a

.debug_info     0x00000000     0x8d65
 .debug_info    0x00000000      0xafb CMakeFiles/ST7735s.elf.dir/Core/Src/main.c.obj
 .debug_info    0x00000afb      0x8a6 CMakeFiles/ST7735s.elf.dir/Core/Src/stm32f1xx_hal_msp.c.obj
 .debug_info    0x000013a1      0x130 CMakeFiles/ST7735s.elf.dir/Core/Src/stm32f1xx_it.c.obj
 .debug_info    0x000014d1      0x248 CMakeFiles/ST7735s.elf.dir/Core/Src/system_stm32f1xx.c.obj
 .debug_info    0x00001719       0x22 CMakeFiles/ST7735s.elf.dir/Core/Startup/startup_stm32f103rctx.s.obj
 .debug_info    0x0000173b      0x178 CMakeFiles/ST7735s.elf.dir/Core/st7735s/lcd.c.obj
 .debug_info    0x000018b3      0xbf8 CMakeFiles/ST7735s.elf.dir/Core/st7735s/lcd_init.c.obj
 .debug_info    0x000024ab      0x80e CMakeFiles/ST7735s.elf.dir/Drivers/STM32F1xx_HAL_Driver/Src/stm32f1xx_hal.c.obj
 .debug_info    0x00002cb9      0xdf0 CMakeFiles/ST7735s.elf.dir/Drivers/STM32F1xx_HAL_Driver/Src/stm32f1xx_hal_cortex.c.obj
 .debug_info    0x00003aa9      0x66f CMakeFiles/ST7735s.elf.dir/Drivers/STM32F1xx_HAL_Driver/Src/stm32f1xx_hal_gpio.c.obj
 .debug_info    0x00004118      0xa3b CMakeFiles/ST7735s.elf.dir/Drivers/STM32F1xx_HAL_Driver/Src/stm32f1xx_hal_rcc.c.obj
 .debug_info    0x00004b53     0x4212 CMakeFiles/ST7735s.elf.dir/Drivers/STM32F1xx_HAL_Driver/Src/stm32f1xx_hal_uart.c.obj

.debug_abbrev   0x00000000     0x1477
 .debug_abbrev  0x00000000      0x226 CMakeFiles/ST7735s.elf.dir/Core/Src/main.c.obj
 .debug_abbrev  0x00000226      0x1b7 CMakeFiles/ST7735s.elf.dir/Core/Src/stm32f1xx_hal_msp.c.obj
 .debug_abbrev  0x000003dd       0x7e CMakeFiles/ST7735s.elf.dir/Core/Src/stm32f1xx_it.c.obj
 .debug_abbrev  0x0000045b      0x13e CMakeFiles/ST7735s.elf.dir/Core/Src/system_stm32f1xx.c.obj
 .debug_abbrev  0x00000599       0x12 CMakeFiles/ST7735s.elf.dir/Core/Startup/startup_stm32f103rctx.s.obj
 .debug_abbrev  0x000005ab       0xec CMakeFiles/ST7735s.elf.dir/Core/st7735s/lcd.c.obj
 .debug_abbrev  0x00000697      0x16e CMakeFiles/ST7735s.elf.dir/Core/st7735s/lcd_init.c.obj
 .debug_abbrev  0x00000805      0x1f4 CMakeFiles/ST7735s.elf.dir/Drivers/STM32F1xx_HAL_Driver/Src/stm32f1xx_hal.c.obj
 .debug_abbrev  0x000009f9      0x341 CMakeFiles/ST7735s.elf.dir/Drivers/STM32F1xx_HAL_Driver/Src/stm32f1xx_hal_cortex.c.obj
 .debug_abbrev  0x00000d3a      0x1e6 CMakeFiles/ST7735s.elf.dir/Drivers/STM32F1xx_HAL_Driver/Src/stm32f1xx_hal_gpio.c.obj
 .debug_abbrev  0x00000f20      0x27a CMakeFiles/ST7735s.elf.dir/Drivers/STM32F1xx_HAL_Driver/Src/stm32f1xx_hal_rcc.c.obj
 .debug_abbrev  0x0000119a      0x2dd CMakeFiles/ST7735s.elf.dir/Drivers/STM32F1xx_HAL_Driver/Src/stm32f1xx_hal_uart.c.obj

.debug_aranges  0x00000000      0x5f0
 .debug_aranges
                0x00000000       0x40 CMakeFiles/ST7735s.elf.dir/Core/Src/main.c.obj
 .debug_aranges
                0x00000040       0x30 CMakeFiles/ST7735s.elf.dir/Core/Src/stm32f1xx_hal_msp.c.obj
 .debug_aranges
                0x00000070       0x60 CMakeFiles/ST7735s.elf.dir/Core/Src/stm32f1xx_it.c.obj
 .debug_aranges
                0x000000d0       0x28 CMakeFiles/ST7735s.elf.dir/Core/Src/system_stm32f1xx.c.obj
 .debug_aranges
                0x000000f8       0x28 CMakeFiles/ST7735s.elf.dir/Core/Startup/startup_stm32f103rctx.s.obj
 .debug_aranges
                0x00000120       0x20 CMakeFiles/ST7735s.elf.dir/Core/st7735s/lcd.c.obj
 .debug_aranges
                0x00000140       0x50 CMakeFiles/ST7735s.elf.dir/Core/st7735s/lcd_init.c.obj
 .debug_aranges
                0x00000190       0xe0 CMakeFiles/ST7735s.elf.dir/Drivers/STM32F1xx_HAL_Driver/Src/stm32f1xx_hal.c.obj
 .debug_aranges
                0x00000270       0x90 CMakeFiles/ST7735s.elf.dir/Drivers/STM32F1xx_HAL_Driver/Src/stm32f1xx_hal_cortex.c.obj
 .debug_aranges
                0x00000300       0x58 CMakeFiles/ST7735s.elf.dir/Drivers/STM32F1xx_HAL_Driver/Src/stm32f1xx_hal_gpio.c.obj
 .debug_aranges
                0x00000358       0x90 CMakeFiles/ST7735s.elf.dir/Drivers/STM32F1xx_HAL_Driver/Src/stm32f1xx_hal_rcc.c.obj
 .debug_aranges
                0x000003e8      0x208 CMakeFiles/ST7735s.elf.dir/Drivers/STM32F1xx_HAL_Driver/Src/stm32f1xx_hal_uart.c.obj

.debug_ranges   0x00000000      0x5e8
 .debug_ranges  0x00000000       0x30 CMakeFiles/ST7735s.elf.dir/Core/Src/main.c.obj
 .debug_ranges  0x00000030       0x20 CMakeFiles/ST7735s.elf.dir/Core/Src/stm32f1xx_hal_msp.c.obj
 .debug_ranges  0x00000050       0x50 CMakeFiles/ST7735s.elf.dir/Core/Src/stm32f1xx_it.c.obj
 .debug_ranges  0x000000a0       0x18 CMakeFiles/ST7735s.elf.dir/Core/Src/system_stm32f1xx.c.obj
 .debug_ranges  0x000000b8       0x20 CMakeFiles/ST7735s.elf.dir/Core/Startup/startup_stm32f103rctx.s.obj
 .debug_ranges  0x000000d8       0x28 CMakeFiles/ST7735s.elf.dir/Core/st7735s/lcd.c.obj
 .debug_ranges  0x00000100       0x40 CMakeFiles/ST7735s.elf.dir/Core/st7735s/lcd_init.c.obj
 .debug_ranges  0x00000140       0xd0 CMakeFiles/ST7735s.elf.dir/Drivers/STM32F1xx_HAL_Driver/Src/stm32f1xx_hal.c.obj
 .debug_ranges  0x00000210       0xe0 CMakeFiles/ST7735s.elf.dir/Drivers/STM32F1xx_HAL_Driver/Src/stm32f1xx_hal_cortex.c.obj
 .debug_ranges  0x000002f0       0x48 CMakeFiles/ST7735s.elf.dir/Drivers/STM32F1xx_HAL_Driver/Src/stm32f1xx_hal_gpio.c.obj
 .debug_ranges  0x00000338       0xa0 CMakeFiles/ST7735s.elf.dir/Drivers/STM32F1xx_HAL_Driver/Src/stm32f1xx_hal_rcc.c.obj
 .debug_ranges  0x000003d8      0x210 CMakeFiles/ST7735s.elf.dir/Drivers/STM32F1xx_HAL_Driver/Src/stm32f1xx_hal_uart.c.obj

.debug_line     0x00000000     0x734b
 .debug_line    0x00000000      0x4bc CMakeFiles/ST7735s.elf.dir/Core/Src/main.c.obj
 .debug_line    0x000004bc      0x2cc CMakeFiles/ST7735s.elf.dir/Core/Src/stm32f1xx_hal_msp.c.obj
 .debug_line    0x00000788      0x1c5 CMakeFiles/ST7735s.elf.dir/Core/Src/stm32f1xx_it.c.obj
 .debug_line    0x0000094d      0x24a CMakeFiles/ST7735s.elf.dir/Core/Src/system_stm32f1xx.c.obj
 .debug_line    0x00000b97       0xab CMakeFiles/ST7735s.elf.dir/Core/Startup/startup_stm32f103rctx.s.obj
 .debug_line    0x00000c42      0x178 CMakeFiles/ST7735s.elf.dir/Core/st7735s/lcd.c.obj
 .debug_line    0x00000dba      0x34f CMakeFiles/ST7735s.elf.dir/Core/st7735s/lcd_init.c.obj
 .debug_line    0x00001109      0x580 CMakeFiles/ST7735s.elf.dir/Drivers/STM32F1xx_HAL_Driver/Src/stm32f1xx_hal.c.obj
 .debug_line    0x00001689      0x664 CMakeFiles/ST7735s.elf.dir/Drivers/STM32F1xx_HAL_Driver/Src/stm32f1xx_hal_cortex.c.obj
 .debug_line    0x00001ced      0x620 CMakeFiles/ST7735s.elf.dir/Drivers/STM32F1xx_HAL_Driver/Src/stm32f1xx_hal_gpio.c.obj
 .debug_line    0x0000230d      0xc49 CMakeFiles/ST7735s.elf.dir/Drivers/STM32F1xx_HAL_Driver/Src/stm32f1xx_hal_rcc.c.obj
 .debug_line    0x00002f56     0x43f5 CMakeFiles/ST7735s.elf.dir/Drivers/STM32F1xx_HAL_Driver/Src/stm32f1xx_hal_uart.c.obj

.debug_str      0x00000000     0x2022
 .debug_str     0x00000000      0x7f5 CMakeFiles/ST7735s.elf.dir/Core/Src/main.c.obj
                                0x894 (size before relaxing)
 .debug_str     0x000007f5       0xb8 CMakeFiles/ST7735s.elf.dir/Core/Src/stm32f1xx_hal_msp.c.obj
                                0x6ea (size before relaxing)
 .debug_str     0x000008ad       0xdb CMakeFiles/ST7735s.elf.dir/Core/Src/stm32f1xx_it.c.obj
                                0x268 (size before relaxing)
 .debug_str     0x00000988       0xa2 CMakeFiles/ST7735s.elf.dir/Core/Src/system_stm32f1xx.c.obj
                                0x29a (size before relaxing)
 .debug_str     0x00000a2a       0x5a CMakeFiles/ST7735s.elf.dir/Core/Startup/startup_stm32f103rctx.s.obj
                                 0x93 (size before relaxing)
 .debug_str     0x00000a84       0x5b CMakeFiles/ST7735s.elf.dir/Core/st7735s/lcd.c.obj
                                0x20a (size before relaxing)
 .debug_str     0x00000adf       0x81 CMakeFiles/ST7735s.elf.dir/Core/st7735s/lcd_init.c.obj
                                0x2b5 (size before relaxing)
 .debug_str     0x00000b60      0x6f6 CMakeFiles/ST7735s.elf.dir/Drivers/STM32F1xx_HAL_Driver/Src/stm32f1xx_hal.c.obj
                                0x94e (size before relaxing)
 .debug_str     0x00001256      0x3e9 CMakeFiles/ST7735s.elf.dir/Drivers/STM32F1xx_HAL_Driver/Src/stm32f1xx_hal_cortex.c.obj
                                0x9fd (size before relaxing)
 .debug_str     0x0000163f      0x13e CMakeFiles/ST7735s.elf.dir/Drivers/STM32F1xx_HAL_Driver/Src/stm32f1xx_hal_gpio.c.obj
                                0x446 (size before relaxing)
 .debug_str     0x0000177d      0x218 CMakeFiles/ST7735s.elf.dir/Drivers/STM32F1xx_HAL_Driver/Src/stm32f1xx_hal_rcc.c.obj
                                0x671 (size before relaxing)
 .debug_str     0x00001995      0x68d CMakeFiles/ST7735s.elf.dir/Drivers/STM32F1xx_HAL_Driver/Src/stm32f1xx_hal_uart.c.obj
                                0xd3a (size before relaxing)

.comment        0x00000000       0x49
 .comment       0x00000000       0x49 CMakeFiles/ST7735s.elf.dir/Core/Src/main.c.obj
                                 0x4a (size before relaxing)
 .comment       0x00000049       0x4a CMakeFiles/ST7735s.elf.dir/Core/Src/stm32f1xx_hal_msp.c.obj
 .comment       0x00000049       0x4a CMakeFiles/ST7735s.elf.dir/Core/Src/stm32f1xx_it.c.obj
 .comment       0x00000049       0x4a CMakeFiles/ST7735s.elf.dir/Core/Src/system_stm32f1xx.c.obj
 .comment       0x00000049       0x4a CMakeFiles/ST7735s.elf.dir/Core/st7735s/lcd.c.obj
 .comment       0x00000049       0x4a CMakeFiles/ST7735s.elf.dir/Core/st7735s/lcd_init.c.obj
 .comment       0x00000049       0x4a CMakeFiles/ST7735s.elf.dir/Drivers/STM32F1xx_HAL_Driver/Src/stm32f1xx_hal.c.obj
 .comment       0x00000049       0x4a CMakeFiles/ST7735s.elf.dir/Drivers/STM32F1xx_HAL_Driver/Src/stm32f1xx_hal_cortex.c.obj
 .comment       0x00000049       0x4a CMakeFiles/ST7735s.elf.dir/Drivers/STM32F1xx_HAL_Driver/Src/stm32f1xx_hal_gpio.c.obj
 .comment       0x00000049       0x4a CMakeFiles/ST7735s.elf.dir/Drivers/STM32F1xx_HAL_Driver/Src/stm32f1xx_hal_rcc.c.obj
 .comment       0x00000049       0x4a CMakeFiles/ST7735s.elf.dir/Drivers/STM32F1xx_HAL_Driver/Src/stm32f1xx_hal_uart.c.obj

.debug_frame    0x00000000      0xfdc
 .debug_frame   0x00000000       0x98 CMakeFiles/ST7735s.elf.dir/Core/Src/main.c.obj
 .debug_frame   0x00000098       0x60 CMakeFiles/ST7735s.elf.dir/Core/Src/stm32f1xx_hal_msp.c.obj
 .debug_frame   0x000000f8       0xa8 CMakeFiles/ST7735s.elf.dir/Core/Src/stm32f1xx_it.c.obj
 .debug_frame   0x000001a0       0x30 CMakeFiles/ST7735s.elf.dir/Core/Src/system_stm32f1xx.c.obj
 .debug_frame   0x000001d0       0x38 CMakeFiles/ST7735s.elf.dir/Core/st7735s/lcd.c.obj
 .debug_frame   0x00000208       0xc4 CMakeFiles/ST7735s.elf.dir/Core/st7735s/lcd_init.c.obj
 .debug_frame   0x000002cc      0x1cc CMakeFiles/ST7735s.elf.dir/Drivers/STM32F1xx_HAL_Driver/Src/stm32f1xx_hal.c.obj
 .debug_frame   0x00000498      0x118 CMakeFiles/ST7735s.elf.dir/Drivers/STM32F1xx_HAL_Driver/Src/stm32f1xx_hal_cortex.c.obj
 .debug_frame   0x000005b0       0xe4 CMakeFiles/ST7735s.elf.dir/Drivers/STM32F1xx_HAL_Driver/Src/stm32f1xx_hal_gpio.c.obj
 .debug_frame   0x00000694      0x184 CMakeFiles/ST7735s.elf.dir/Drivers/STM32F1xx_HAL_Driver/Src/stm32f1xx_hal_rcc.c.obj
 .debug_frame   0x00000818      0x5d8 CMakeFiles/ST7735s.elf.dir/Drivers/STM32F1xx_HAL_Driver/Src/stm32f1xx_hal_uart.c.obj
 .debug_frame   0x00000df0       0x2c d:/app/armgcc~1/102021~1.10/bin/../lib/gcc/arm-none-eabi/10.3.1/../../../../arm-none-eabi/lib/thumb/v7-m/nofp\libg.a(lib_a-init.o)
 .debug_frame   0x00000e1c       0x2c d:/app/armgcc~1/102021~1.10/bin/../lib/gcc/arm-none-eabi/10.3.1/../../../../arm-none-eabi/lib/thumb/v7-m/nofp\libg.a(lib_a-memset.o)
 .debug_frame   0x00000e48       0x5c d:/app/armgcc~1/102021~1.10/bin/../lib/gcc/arm-none-eabi/10.3.1/../../../../arm-none-eabi/lib/thumb/v7-m/nofp\libg.a(lib_a-__call_atexit.o)
 .debug_frame   0x00000ea4       0x20 d:/app/armgcc~1/102021~1.10/bin/../lib/gcc/arm-none-eabi/10.3.1/../../../../arm-none-eabi/lib/thumb/v7-m/nofp\libg.a(lib_a-atexit.o)
 .debug_frame   0x00000ec4       0x34 d:/app/armgcc~1/102021~1.10/bin/../lib/gcc/arm-none-eabi/10.3.1/../../../../arm-none-eabi/lib/thumb/v7-m/nofp\libg.a(lib_a-fini.o)
 .debug_frame   0x00000ef8       0xb0 d:/app/armgcc~1/102021~1.10/bin/../lib/gcc/arm-none-eabi/10.3.1/../../../../arm-none-eabi/lib/thumb/v7-m/nofp\libg.a(lib_a-lock.o)
 .debug_frame   0x00000fa8       0x34 d:/app/armgcc~1/102021~1.10/bin/../lib/gcc/arm-none-eabi/10.3.1/../../../../arm-none-eabi/lib/thumb/v7-m/nofp\libg.a(lib_a-__atexit.o)

.debug_loc      0x00000000     0x5ee3
 .debug_loc     0x00000000       0x99 CMakeFiles/ST7735s.elf.dir/Core/Src/stm32f1xx_hal_msp.c.obj
 .debug_loc     0x00000099       0xff CMakeFiles/ST7735s.elf.dir/Core/Src/system_stm32f1xx.c.obj
 .debug_loc     0x00000198       0x69 CMakeFiles/ST7735s.elf.dir/Core/st7735s/lcd.c.obj
 .debug_loc     0x00000201      0x172 CMakeFiles/ST7735s.elf.dir/Core/st7735s/lcd_init.c.obj
 .debug_loc     0x00000373      0x141 CMakeFiles/ST7735s.elf.dir/Drivers/STM32F1xx_HAL_Driver/Src/stm32f1xx_hal.c.obj
 .debug_loc     0x000004b4      0x71f CMakeFiles/ST7735s.elf.dir/Drivers/STM32F1xx_HAL_Driver/Src/stm32f1xx_hal_cortex.c.obj
 .debug_loc     0x00000bd3      0x47d CMakeFiles/ST7735s.elf.dir/Drivers/STM32F1xx_HAL_Driver/Src/stm32f1xx_hal_gpio.c.obj
 .debug_loc     0x00001050      0x618 CMakeFiles/ST7735s.elf.dir/Drivers/STM32F1xx_HAL_Driver/Src/stm32f1xx_hal_rcc.c.obj
 .debug_loc     0x00001668     0x487b CMakeFiles/ST7735s.elf.dir/Drivers/STM32F1xx_HAL_Driver/Src/stm32f1xx_hal_uart.c.obj
