Archive member included to satisfy reference by file (symbol)

d:/app/armgcc~1/102021~1.10/bin/../lib/gcc/arm-none-eabi/10.3.1/thumb/v7-m/nofp\libgcc.a(_arm_mulsf3.o)
                              CMakeFiles/ST7735s.elf.dir/Core/st7735s/lcd.c.obj (__aeabi_fmul)
d:/app/armgcc~1/102021~1.10/bin/../lib/gcc/arm-none-eabi/10.3.1/thumb/v7-m/nofp\libgcc.a(_arm_fixunssfsi.o)
                              CMakeFiles/ST7735s.elf.dir/Core/st7735s/lcd.c.obj (__aeabi_f2uiz)
d:/app/armgcc~1/102021~1.10/bin/../lib/gcc/arm-none-eabi/10.3.1/../../../../arm-none-eabi/lib/thumb/v7-m/nofp\libg.a(lib_a-errno.o)
                              CMakeFiles/ST7735s.elf.dir/Core/Src/syscalls.c.obj (__errno)
d:/app/armgcc~1/102021~1.10/bin/../lib/gcc/arm-none-eabi/10.3.1/../../../../arm-none-eabi/lib/thumb/v7-m/nofp\libg.a(lib_a-exit.o)
                              d:/app/armgcc~1/102021~1.10/bin/../lib/gcc/arm-none-eabi/10.3.1/../../../../arm-none-eabi/lib/thumb/v7-m/nofp/crt0.o (exit)
d:/app/armgcc~1/102021~1.10/bin/../lib/gcc/arm-none-eabi/10.3.1/../../../../arm-none-eabi/lib/thumb/v7-m/nofp\libg.a(lib_a-impure.o)
                              d:/app/armgcc~1/102021~1.10/bin/../lib/gcc/arm-none-eabi/10.3.1/../../../../arm-none-eabi/lib/thumb/v7-m/nofp\libg.a(lib_a-exit.o) (_global_impure_ptr)
d:/app/armgcc~1/102021~1.10/bin/../lib/gcc/arm-none-eabi/10.3.1/../../../../arm-none-eabi/lib/thumb/v7-m/nofp\libg.a(lib_a-init.o)
                              d:/app/armgcc~1/102021~1.10/bin/../lib/gcc/arm-none-eabi/10.3.1/../../../../arm-none-eabi/lib/thumb/v7-m/nofp/crt0.o (__libc_init_array)
d:/app/armgcc~1/102021~1.10/bin/../lib/gcc/arm-none-eabi/10.3.1/../../../../arm-none-eabi/lib/thumb/v7-m/nofp\libg.a(lib_a-memset.o)
                              d:/app/armgcc~1/102021~1.10/bin/../lib/gcc/arm-none-eabi/10.3.1/../../../../arm-none-eabi/lib/thumb/v7-m/nofp/crt0.o (memset)
d:/app/armgcc~1/102021~1.10/bin/../lib/gcc/arm-none-eabi/10.3.1/../../../../arm-none-eabi/lib/thumb/v7-m/nofp\libg.a(lib_a-__call_atexit.o)
                              d:/app/armgcc~1/102021~1.10/bin/../lib/gcc/arm-none-eabi/10.3.1/../../../../arm-none-eabi/lib/thumb/v7-m/nofp\libg.a(lib_a-exit.o) (__call_exitprocs)
d:/app/armgcc~1/102021~1.10/bin/../lib/gcc/arm-none-eabi/10.3.1/../../../../arm-none-eabi/lib/thumb/v7-m/nofp\libg.a(lib_a-atexit.o)
                              d:/app/armgcc~1/102021~1.10/bin/../lib/gcc/arm-none-eabi/10.3.1/../../../../arm-none-eabi/lib/thumb/v7-m/nofp\libg.a(lib_a-__call_atexit.o) (atexit)
d:/app/armgcc~1/102021~1.10/bin/../lib/gcc/arm-none-eabi/10.3.1/../../../../arm-none-eabi/lib/thumb/v7-m/nofp\libg.a(lib_a-fini.o)
                              d:/app/armgcc~1/102021~1.10/bin/../lib/gcc/arm-none-eabi/10.3.1/../../../../arm-none-eabi/lib/thumb/v7-m/nofp\libg.a(lib_a-__call_atexit.o) (__libc_fini_array)
d:/app/armgcc~1/102021~1.10/bin/../lib/gcc/arm-none-eabi/10.3.1/../../../../arm-none-eabi/lib/thumb/v7-m/nofp\libg.a(lib_a-lock.o)
                              d:/app/armgcc~1/102021~1.10/bin/../lib/gcc/arm-none-eabi/10.3.1/../../../../arm-none-eabi/lib/thumb/v7-m/nofp\libg.a(lib_a-__call_atexit.o) (__retarget_lock_acquire_recursive)
d:/app/armgcc~1/102021~1.10/bin/../lib/gcc/arm-none-eabi/10.3.1/../../../../arm-none-eabi/lib/thumb/v7-m/nofp\libg.a(lib_a-__atexit.o)
                              d:/app/armgcc~1/102021~1.10/bin/../lib/gcc/arm-none-eabi/10.3.1/../../../../arm-none-eabi/lib/thumb/v7-m/nofp\libg.a(lib_a-atexit.o) (__register_exitproc)

Discarded input sections

 .text          0x00000000        0x0 d:/app/armgcc~1/102021~1.10/bin/../lib/gcc/arm-none-eabi/10.3.1/thumb/v7-m/nofp/crti.o
 .data          0x00000000        0x0 d:/app/armgcc~1/102021~1.10/bin/../lib/gcc/arm-none-eabi/10.3.1/thumb/v7-m/nofp/crti.o
 .bss           0x00000000        0x0 d:/app/armgcc~1/102021~1.10/bin/../lib/gcc/arm-none-eabi/10.3.1/thumb/v7-m/nofp/crti.o
 .data          0x00000000        0x4 d:/app/armgcc~1/102021~1.10/bin/../lib/gcc/arm-none-eabi/10.3.1/thumb/v7-m/nofp/crtbegin.o
 .rodata        0x00000000       0x24 d:/app/armgcc~1/102021~1.10/bin/../lib/gcc/arm-none-eabi/10.3.1/thumb/v7-m/nofp/crtbegin.o
 .text          0x00000000       0x7c d:/app/armgcc~1/102021~1.10/bin/../lib/gcc/arm-none-eabi/10.3.1/../../../../arm-none-eabi/lib/thumb/v7-m/nofp/crt0.o
 .data          0x00000000        0x0 d:/app/armgcc~1/102021~1.10/bin/../lib/gcc/arm-none-eabi/10.3.1/../../../../arm-none-eabi/lib/thumb/v7-m/nofp/crt0.o
 .bss           0x00000000        0x0 d:/app/armgcc~1/102021~1.10/bin/../lib/gcc/arm-none-eabi/10.3.1/../../../../arm-none-eabi/lib/thumb/v7-m/nofp/crt0.o
 .ARM.extab     0x00000000        0x0 d:/app/armgcc~1/102021~1.10/bin/../lib/gcc/arm-none-eabi/10.3.1/../../../../arm-none-eabi/lib/thumb/v7-m/nofp/crt0.o
 .ARM.exidx     0x00000000       0x10 d:/app/armgcc~1/102021~1.10/bin/../lib/gcc/arm-none-eabi/10.3.1/../../../../arm-none-eabi/lib/thumb/v7-m/nofp/crt0.o
 .ARM.attributes
[...]
Memory Configuration

Name             Origin             Length             Attributes
RAM              0x20000000         0x0000c000         xrw
FLASH            0x08000000         0x00040000         xr
*default*        0x00000000         0xffffffff

Linker script and memory map

LOAD d:/app/armgcc~1/102021~1.10/bin/../lib/gcc/arm-none-eabi/10.3.1/thumb/v7-m/nofp/crti.o
LOAD d:/app/armgcc~1/102021~1.10/bin/../lib/gcc/arm-none-eabi/10.3.1/thumb/v7-m/nofp/crtbegin.o
LOAD d:/app/armgcc~1/102021~1.10/bin/../lib/gcc/arm-none-eabi/10.3.1/../../../../arm-none-eabi/lib/thumb/v7-m/nofp/crt0.o
LOAD CMakeFiles/ST7735s.elf.dir/Core/Src/main.c.obj
LOAD CMakeFiles/ST7735s.elf.dir/Core/Src/stm32f1xx_hal_msp.c.obj
LOAD CMakeFiles/ST7735s.elf.dir/Core/Src/stm32f1xx_it.c.obj
LOAD CMakeFiles/ST7735s.elf.dir/Core/Src/syscalls.c.obj
LOAD CMakeFiles/ST7735s.elf.dir/Core/Src/sysmem.c.obj
LOAD CMakeFiles/ST7735s.elf.dir/Core/Src/system_stm32f1xx.c.obj
LOAD CMakeFiles/ST7735s.elf.dir/Core/Startup/startup_stm32f103rctx.s.obj
LOAD CMakeFiles/ST7735s.elf.dir/Core/st7735s/lcd.c.obj
LOAD CMakeFiles/ST7735s.elf.dir/Core/st7735s/lcd_init.c.obj
LOAD CMakeFiles/ST7735s.elf.dir/Drivers/STM32F1xx_HAL_Driver/Src/stm32f1xx_hal.c.obj
LOAD CMakeFiles/ST7735s.elf.dir/Drivers/STM32F1xx_HAL_Driver/Src/stm32f1xx_hal_cortex.c.obj
LOAD CMakeFiles/ST7735s.elf.dir/Drivers/STM32F1xx_HAL_Driver/Src/stm32f1xx_hal_dma.c.obj
LOAD CMakeFiles/ST7735s.elf.dir/Drivers/STM32F1xx_HAL_Driver/Src/stm32f1xx_hal_exti.c.obj
LOAD CMakeFiles/ST7735s.elf.dir/Drivers/STM32F1xx_HAL_Driver/Src/stm32f1xx_hal_flash.c.obj
LOAD CMakeFiles/ST7735s.elf.dir/Drivers/STM32F1xx_HAL_Driver/Src/stm32f1xx_hal_flash_ex.c.obj
LOAD CMakeFiles/ST7735s.elf.dir/Drivers/STM32F1xx_HAL_Driver/Src/stm32f1xx_hal_gpio.c.obj
LOAD CMakeFiles/ST7735s.elf.dir/Drivers/STM32F1xx_HAL_Driver/Src/stm32f1xx_hal_gpio_ex.c.obj
LOAD CMakeFiles/ST7735s.elf.dir/Drivers/STM32F1xx_HAL_Driver/Src/stm32f1xx_hal_pwr.c.obj
LOAD CMakeFiles/ST7735s.elf.dir/Drivers/STM32F1xx_HAL_Driver/Src/stm32f1xx_hal_rcc.c.obj
LOAD CMakeFiles/ST7735s.elf.dir/Drivers/STM32F1xx_HAL_Driver/Src/stm32f1xx_hal_rcc_ex.c.obj
LOAD CMakeFiles/ST7735s.elf.dir/Drivers/STM32F1xx_HAL_Driver/Src/stm32f1xx_hal_tim.c.obj
LOAD CMakeFiles/ST7735s.elf.dir/Drivers/STM32F1xx_HAL_Driver/Src/stm32f1xx_hal_tim_ex.c.obj
LOAD CMakeFiles/ST7735s.elf.dir/Drivers/STM32F1xx_HAL_Driver/Src/stm32f1xx_hal_uart.c.obj
START GROUP
LOAD d:/app/armgcc~1/102021~1.10/bin/../lib/gcc/arm-none-eabi/10.3.1/thumb/v7-m/nofp\libgcc.a
LOAD d:/app/armgcc~1/102021~1.10/bin/../lib/gcc/arm-none-eabi/10.3.1/../../../../arm-none-eabi/lib/thumb/v7-m/nofp\libg.a
LOAD d:/app/armgcc~1/102021~1.10/bin/../lib/gcc/arm-none-eabi/10.3.1/../../../../arm-none-eabi/lib/thumb/v7-m/nofp\libc.a
END GROUP
LOAD d:/app/armgcc~1/102021~1.10/bin/../lib/gcc/arm-none-eabi/10.3.1/thumb/v7-m/nofp/crtend.o
LOAD d:/app/armgcc~1/102021~1.10/bin/../lib/gcc/arm-none-eabi/10.3.1/thumb/v7-m/nofp/crtn.o
                0x2000c000                _estack = (ORIGIN (RAM) + LENGTH (RAM))
                0x00000200                _Min_Heap_Size = 0x200
                0x00000400                _Min_Stack_Size = 0x400

.isr_vector     0x08000000      0x1e4
                0x08000000                . = ALIGN (0x4)
 *(.isr_vector)
 .isr_vector    0x08000000      0x1e4 CMakeFiles/ST7735s.elf.dir/Core/Startup/startup_stm32f103rctx.s.obj
                0x08000000                g_pfnVectors
                0x080001e4                . = ALIGN (0x4)

.text           0x080001e4     0x18a4
                0x080001e4                . = ALIGN (0x4)
 *(.text)
 .text          0x080001e4       0x40 d:/app/armgcc~1/102021~1.10/bin/../lib/gcc/arm-none-eabi/10.3.1/thumb/v7-m/nofp/crtbegin.o
 .text          0x08000224      0x168 d:/app/armgcc~1/102021~1.10/bin/../lib/gcc/arm-none-eabi/10.3.1/thumb/v7-m/nofp\libgcc.a(_arm_mulsf3.o)
                0x08000224                __aeabi_fmul
                0x08000224                __mulsf3
 .text          0x0800038c       0x40 d:/app/armgcc~1/102021~1.10/bin/../lib/gcc/arm-none-eabi/10.3.1/thumb/v7-m/nofp\libgcc.a(_arm_fixunssfsi.o)
                0x0800038c                __fixunssfsi
                0x0800038c                __aeabi_f2uiz
 *(.text*)
 .text.MX_GPIO_Init
                0x080003cc       0xb0 CMakeFiles/ST7735s.elf.dir/Core/Src/main.c.obj
 .text.Error_Handler
                0x0800047c        0x4 CMakeFiles/ST7735s.elf.dir/Core/Src/main.c.obj
                0x0800047c                Error_Handler
 .text.MX_USART1_UART_Init
                0x08000480       0x34 CMakeFiles/ST7735s.elf.dir/Core/Src/main.c.obj
 .text.SystemClock_Config
                0x080004b4       0x64 CMakeFiles/ST7735s.elf.dir/Core/Src/main.c.obj
                0x080004b4                SystemClock_Config
 .text.main     0x08000518       0xb4 CMakeFiles/ST7735s.elf.dir/Core/Src/main.c.obj
                0x08000518                main
 .text.HAL_MspInit
                0x080005cc       0x44 CMakeFiles/ST7735s.elf.dir/Core/Src/stm32f1xx_hal_msp.c.obj
                0x080005cc                HAL_MspInit
 .text.HAL_UART_MspInit
                0x08000610       0x78 CMakeFiles/ST7735s.elf.dir/Core/Src/stm32f1xx_hal_msp.c.obj
                0x08000610                HAL_UART_MspInit
 .text.NMI_Handler
                0x08000688        0x2 CMakeFiles/ST7735s.elf.dir/Core/Src/stm32f1xx_it.c.obj
                0x08000688                NMI_Handler
 .text.HardFault_Handler
                0x0800068a        0x2 CMakeFiles/ST7735s.elf.dir/Core/Src/stm32f1xx_it.c.obj
                0x0800068a                HardFault_Handler
 .text.MemManage_Handler
                0x0800068c        0x2 CMakeFiles/ST7735s.elf.dir/Core/Src/stm32f1xx_it.c.obj
                0x0800068c                MemManage_Handler
 .text.BusFault_Handler
                0x0800068e        0x2 CMakeFiles/ST7735s.elf.dir/Core/Src/stm32f1xx_it.c.obj
                0x0800068e                BusFault_Handler
 .text.UsageFault_Handler
                0x08000690        0x2 CMakeFiles/ST7735s.elf.dir/Core/Src/stm32f1xx_it.c.obj
                0x08000690                UsageFault_Handler
 .text.SVC_Handler
                0x08000692        0x2 CMakeFiles/ST7735s.elf.dir/Core/Src/stm32f1xx_it.c.obj
                0x08000692                SVC_Handler
 .text.DebugMon_Handler
                0x08000694        0x2 CMakeFiles/ST7735s.elf.dir/Core/Src/stm32f1xx_it.c.obj
                0x08000694                DebugMon_Handler
 .text.PendSV_Handler
                0x08000696        0x2 CMakeFiles/ST7735s.elf.dir/Core/Src/stm32f1xx_it.c.obj
                0x08000696                PendSV_Handler
 .text.SysTick_Handler
                0x08000698        0x8 CMakeFiles/ST7735s.elf.dir/Core/Src/stm32f1xx_it.c.obj
                0x08000698                SysTick_Handler
 .text.SystemInit
                0x080006a0        0x2 CMakeFiles/ST7735s.elf.dir/Core/Src/system_stm32f1xx.c.obj
                0x080006a0                SystemInit
 *fill*         0x080006a2        0x2 
 .text.Reset_Handler
                0x080006a4       0x48 CMakeFiles/ST7735s.elf.dir/Core/Startup/startup_stm32f103rctx.s.obj
                0x080006a4                Reset_Handler
 .text.Default_Handler
                0x080006ec        0x2 CMakeFiles/ST7735s.elf.dir/Core/Startup/startup_stm32f103rctx.s.obj
                0x080006ec                RTC_Alarm_IRQHandler
                0x080006ec                EXTI2_IRQHandler
                0x080006ec                TIM8_TRG_COM_IRQHandler
                0x080006ec                TIM8_CC_IRQHandler
                0x080006ec                TIM1_CC_IRQHandler
                0x080006ec                TIM6_IRQHandler
                0x080006ec                PVD_IRQHandler
                0x080006ec                SDIO_IRQHandler
                0x080006ec                EXTI3_IRQHandler
                0x080006ec                EXTI0_IRQHandler
                0x080006ec                I2C2_EV_IRQHandler
                0x080006ec                ADC1_2_IRQHandler
                0x080006ec                SPI1_IRQHandler
                0x080006ec                TAMPER_IRQHandler
                0x080006ec                TIM8_UP_IRQHandler
                0x080006ec                DMA2_Channel2_IRQHandler
                0x080006ec                DMA1_Channel4_IRQHandler
                0x080006ec                USART3_IRQHandler
                0x080006ec                RTC_IRQHandler
                0x080006ec                DMA1_Channel7_IRQHandler
                0x080006ec                CAN1_RX1_IRQHandler
                0x080006ec                UART5_IRQHandler
                0x080006ec                ADC3_IRQHandler
                0x080006ec                TIM4_IRQHandler
                0x080006ec                DMA2_Channel1_IRQHandler
                0x080006ec                I2C1_EV_IRQHandler
                0x080006ec                DMA1_Channel6_IRQHandler
                0x080006ec                UART4_IRQHandler
                0x080006ec                TIM3_IRQHandler
                0x080006ec                RCC_IRQHandler
                0x080006ec                TIM1_TRG_COM_IRQHandler
                0x080006ec                DMA1_Channel1_IRQHandler
                0x080006ec                Default_Handler
                0x080006ec                EXTI15_10_IRQHandler
                0x080006ec                TIM7_IRQHandler
                0x080006ec                TIM5_IRQHandler
                0x080006ec                EXTI9_5_IRQHandler
                0x080006ec                SPI2_IRQHandler
                0x080006ec                DMA1_Channel5_IRQHandler
                0x080006ec                EXTI4_IRQHandler
                0x080006ec                USB_LP_CAN1_RX0_IRQHandler
                0x080006ec                USB_HP_CAN1_TX_IRQHandler
                0x080006ec                DMA1_Channel3_IRQHandler
                0x080006ec                FSMC_IRQHandler
                0x080006ec                TIM1_UP_IRQHandler
                0x080006ec                WWDG_IRQHandler
                0x080006ec                TIM2_IRQHandler
                0x080006ec                TIM1_BRK_IRQHandler
                0x080006ec                EXTI1_IRQHandler
                0x080006ec                DMA2_Channel4_5_IRQHandler
                0x080006ec                USART2_IRQHandler
                0x080006ec                I2C2_ER_IRQHandler
                0x080006ec                DMA1_Channel2_IRQHandler
                0x080006ec                TIM8_BRK_IRQHandler
                0x080006ec                CAN1_SCE_IRQHandler
                0x080006ec                FLASH_IRQHandler
                0x080006ec                USART1_IRQHandler
                0x080006ec                SPI3_IRQHandler
                0x080006ec                I2C1_ER_IRQHandler
                0x080006ec                USBWakeUp_IRQHandler
                0x080006ec                DMA2_Channel3_IRQHandler
 .text.lcdFill  0x080006ee       0x4a CMakeFiles/ST7735s.elf.dir/Core/st7735s/lcd.c.obj
                0x080006ee                lcdFill
 .text.lcdDrawPoint
                0x08000738       0x22 CMakeFiles/ST7735s.elf.dir/Core/st7735s/lcd.c.obj
                0x08000738                lcdDrawPoint
 *fill*         0x0800075a        0x2 
 .text.lcdDrawChar
                0x0800075c      0x14c CMakeFiles/ST7735s.elf.dir/Core/st7735s/lcd.c.obj
                0x0800075c                lcdDrawChar
 .text.lcdDrawString
                0x080008a8       0x42 CMakeFiles/ST7735s.elf.dir/Core/st7735s/lcd.c.obj
                0x080008a8                lcdDrawString
 .text.myPow    0x080008ea       0x16 CMakeFiles/ST7735s.elf.dir/Core/st7735s/lcd.c.obj
                0x080008ea                myPow
 .text.lcdDrawIntNum
                0x08000900       0xb4 CMakeFiles/ST7735s.elf.dir/Core/st7735s/lcd.c.obj
                0x08000900                lcdDrawIntNum
 .text.lcdDrawFloatNum
                0x080009b4       0xc0 CMakeFiles/ST7735s.elf.dir/Core/st7735s/lcd.c.obj
                0x080009b4                lcdDrawFloatNum
 .text.lcdDrawImg
                0x08000a74       0x5a CMakeFiles/ST7735s.elf.dir/Core/st7735s/lcd.c.obj
                0x08000a74                lcdDrawImg
 *fill*         0x08000ace        0x2 
 .text.lcdWrite
                0x08000ad0       0x60 CMakeFiles/ST7735s.elf.dir/Core/st7735s/lcd_init.c.obj
                0x08000ad0                lcdWrite
 .text.lcdWriteData8
                0x08000b30        0x8 CMakeFiles/ST7735s.elf.dir/Core/st7735s/lcd_init.c.obj
                0x08000b30                lcdWriteData8
 .text.lcdWriteData
                0x08000b38       0x12 CMakeFiles/ST7735s.elf.dir/Core/st7735s/lcd_init.c.obj
                0x08000b38                lcdWriteData
 *fill*         0x08000b4a        0x2 
 .text.lcdWriteCommand
                0x08000b4c       0x28 CMakeFiles/ST7735s.elf.dir/Core/st7735s/lcd_init.c.obj
                0x08000b4c                lcdWriteCommand
 .text.lcdSetAddress
                0x08000b74       0x36 CMakeFiles/ST7735s.elf.dir/Core/st7735s/lcd_init.c.obj
                0x08000b74                lcdSetAddress
 *fill*         0x08000baa        0x2 
 .text.lcdReset
                0x08000bac       0x2c CMakeFiles/ST7735s.elf.dir/Core/st7735s/lcd_init.c.obj
                0x08000bac                lcdReset
 .text.lcdInit  0x08000bd8      0x1ca CMakeFiles/ST7735s.elf.dir/Core/st7735s/lcd_init.c.obj
                0x08000bd8                lcdInit
 *fill*         0x08000da2        0x2 
 .text.HAL_InitTick
                0x08000da4       0x4c CMakeFiles/ST7735s.elf.dir/Drivers/STM32F1xx_HAL_Driver/Src/stm32f1xx_hal.c.obj
                0x08000da4                HAL_InitTick
 .text.HAL_Init
                0x08000df0       0x24 CMakeFiles/ST7735s.elf.dir/Drivers/STM32F1xx_HAL_Driver/Src/stm32f1xx_hal.c.obj
                0x08000df0                HAL_Init
 .text.HAL_IncTick
                0x08000e14       0x18 CMakeFiles/ST7735s.elf.dir/Drivers/STM32F1xx_HAL_Driver/Src/stm32f1xx_hal.c.obj
                0x08000e14                HAL_IncTick
 .text.HAL_GetTick
                0x08000e2c        0xc CMakeFiles/ST7735s.elf.dir/Drivers/STM32F1xx_HAL_Driver/Src/stm32f1xx_hal.c.obj
                0x08000e2c                HAL_GetTick
 .text.HAL_Delay
                0x08000e38       0x28 CMakeFiles/ST7735s.elf.dir/Drivers/STM32F1xx_HAL_Driver/Src/stm32f1xx_hal.c.obj
                0x08000e38                HAL_Delay
 .text.HAL_NVIC_SetPriorityGrouping
                0x08000e60       0x24 CMakeFiles/ST7735s.elf.dir/Drivers/STM32F1xx_HAL_Driver/Src/stm32f1xx_hal_cortex.c.obj
                0x08000e60                HAL_NVIC_SetPriorityGrouping
 .text.HAL_NVIC_SetPriority
                0x08000e84       0x70 CMakeFiles/ST7735s.elf.dir/Drivers/STM32F1xx_HAL_Driver/Src/stm32f1xx_hal_cortex.c.obj
                0x08000e84                HAL_NVIC_SetPriority
 .text.HAL_SYSTICK_Config
                0x08000ef4       0x28 CMakeFiles/ST7735s.elf.dir/Drivers/STM32F1xx_HAL_Driver/Src/stm32f1xx_hal_cortex.c.obj
                0x08000ef4                HAL_SYSTICK_Config
 .text.HAL_GPIO_Init
                0x08000f1c      0x240 CMakeFiles/ST7735s.elf.dir/Drivers/STM32F1xx_HAL_Driver/Src/stm32f1xx_hal_gpio.c.obj
                0x08000f1c                HAL_GPIO_Init
 .text.HAL_GPIO_WritePin
                0x0800115c        0xc CMakeFiles/ST7735s.elf.dir/Drivers/STM32F1xx_HAL_Driver/Src/stm32f1xx_hal_gpio.c.obj
                0x0800115c                HAL_GPIO_WritePin
 .text.RCC_Delay
                0x08001168       0x2c CMakeFiles/ST7735s.elf.dir/Drivers/STM32F1xx_HAL_Driver/Src/stm32f1xx_hal_rcc.c.obj
 .text.HAL_RCC_OscConfig
                0x08001194      0x410 CMakeFiles/ST7735s.elf.dir/Drivers/STM32F1xx_HAL_Driver/Src/stm32f1xx_hal_rcc.c.obj
                0x08001194                HAL_RCC_OscConfig
 .text.HAL_RCC_GetSysClockFreq
                0x080015a4       0x54 CMakeFiles/ST7735s.elf.dir/Drivers/STM32F1xx_HAL_Driver/Src/stm32f1xx_hal_rcc.c.obj
                0x080015a4                HAL_RCC_GetSysClockFreq
 .text.HAL_RCC_ClockConfig
                0x080015f8      0x16c CMakeFiles/ST7735s.elf.dir/Drivers/STM32F1xx_HAL_Driver/Src/stm32f1xx_hal_rcc.c.obj
                0x080015f8                HAL_RCC_ClockConfig
 .text.HAL_RCC_GetHCLKFreq
                0x08001764        0xc CMakeFiles/ST7735s.elf.dir/Drivers/STM32F1xx_HAL_Driver/Src/stm32f1xx_hal_rcc.c.obj
                0x08001764                HAL_RCC_GetHCLKFreq
 .text.HAL_RCC_GetPCLK1Freq
                0x08001770       0x20 CMakeFiles/ST7735s.elf.dir/Drivers/STM32F1xx_HAL_Driver/Src/stm32f1xx_hal_rcc.c.obj
                0x08001770                HAL_RCC_GetPCLK1Freq
 .text.HAL_RCC_GetPCLK2Freq
                0x08001790       0x20 CMakeFiles/ST7735s.elf.dir/Drivers/STM32F1xx_HAL_Driver/Src/stm32f1xx_hal_rcc.c.obj
                0x08001790                HAL_RCC_GetPCLK2Freq
 .text.UART_SetConfig
                0x080017b0       0x94 CMakeFiles/ST7735s.elf.dir/Drivers/STM32F1xx_HAL_Driver/Src/stm32f1xx_hal_uart.c.obj
 .text.HAL_UART_Init
                0x08001844       0x60 CMakeFiles/ST7735s.elf.dir/Drivers/STM32F1xx_HAL_Driver/Src/stm32f1xx_hal_uart.c.obj
                0x08001844                HAL_UART_Init
 .text.__libc_init_array
                0x080018a4       0x48 d:/app/armgcc~1/102021~1.10/bin/../lib/gcc/arm-none-eabi/10.3.1/../../../../arm-none-eabi/lib/thumb/v7-m/nofp\libg.a(lib_a-init.o)
                0x080018a4                __libc_init_array
 .text.memset   0x080018ec       0xa4 d:/app/armgcc~1/102021~1.10/bin/../lib/gcc/arm-none-eabi/10.3.1/../../../../arm-none-eabi/lib/thumb/v7-m/nofp\libg.a(lib_a-memset.o)
                0x080018ec                memset
 .text.startup.register_fini
                0x08001990       0x14 d:/app/armgcc~1/102021~1.10/bin/../lib/gcc/arm-none-eabi/10.3.1/../../../../arm-none-eabi/lib/thumb/v7-m/nofp\libg.a(lib_a-__call_atexit.o)
 .text.atexit   0x080019a4        0xc d:/app/armgcc~1/102021~1.10/bin/../lib/gcc/arm-none-eabi/10.3.1/../../../../arm-none-eabi/lib/thumb/v7-m/nofp\libg.a(lib_a-atexit.o)
                0x080019a4                atexit
 .text.__libc_fini_array
                0x080019b0       0x2c d:/app/armgcc~1/102021~1.10/bin/../lib/gcc/arm-none-eabi/10.3.1/../../../../arm-none-eabi/lib/thumb/v7-m/nofp\libg.a(lib_a-fini.o)
                0x080019b0                __libc_fini_array
 .text.__retarget_lock_acquire_recursive
                0x080019dc        0x4 d:/app/armgcc~1/102021~1.10/bin/../lib/gcc/arm-none-eabi/10.3.1/../../../../arm-none-eabi/lib/thumb/v7-m/nofp\libg.a(lib_a-lock.o)
                0x080019dc                __retarget_lock_acquire_recursive
 .text.__retarget_lock_release_recursive
                0x080019e0        0x4 d:/app/armgcc~1/102021~1.10/bin/../lib/gcc/arm-none-eabi/10.3.1/../../../../arm-none-eabi/lib/thumb/v7-m/nofp\libg.a(lib_a-lock.o)
                0x080019e0                __retarget_lock_release_recursive
 .text.__register_exitproc
                0x080019e4       0x8c d:/app/armgcc~1/102021~1.10/bin/../lib/gcc/arm-none-eabi/10.3.1/../../../../arm-none-eabi/lib/thumb/v7-m/nofp\libg.a(lib_a-__atexit.o)
                0x080019e4                __register_exitproc
 *(.glue_7)
 .glue_7        0x08001a70        0x0 linker stubs
 *(.glue_7t)
 .glue_7t       0x08001a70        0x0 linker stubs
 *(.eh_frame)
 .eh_frame      0x08001a70        0x0 d:/app/armgcc~1/102021~1.10/bin/../lib/gcc/arm-none-eabi/10.3.1/thumb/v7-m/nofp/crtbegin.o
 *(.init)
 .init          0x08001a70        0x4 d:/app/armgcc~1/102021~1.10/bin/../lib/gcc/arm-none-eabi/10.3.1/thumb/v7-m/nofp/crti.o
                0x08001a70                _init
 .init          0x08001a74        0x8 d:/app/armgcc~1/102021~1.10/bin/../lib/gcc/arm-none-eabi/10.3.1/thumb/v7-m/nofp/crtn.o
 *(.fini)
 .fini          0x08001a7c        0x4 d:/app/armgcc~1/102021~1.10/bin/../lib/gcc/arm-none-eabi/10.3.1/thumb/v7-m/nofp/crti.o
                0x08001a7c                _fini
 .fini          0x08001a80        0x8 d:/app/armgcc~1/102021~1.10/bin/../lib/gcc/arm-none-eabi/10.3.1/thumb/v7-m/nofp/crtn.o
                0x08001a88                . = ALIGN (0x4)
                0x08001a88                _etext = .

.vfp11_veneer   0x08001a88        0x0
 .vfp11_veneer  0x08001a88        0x0 linker stubs

.v4_bx          0x08001a88        0x0
 .v4_bx         0x08001a88        0x0 linker stubs

.iplt           0x08001a88        0x0
 .iplt          0x08001a88        0x0 d:/app/armgcc~1/102021~1.10/bin/../lib/gcc/arm-none-eabi/10.3.1/thumb/v7-m/nofp/crtbegin.o

.rodata         0x08001a88     0xa4b8
                0x08001a88                . = ALIGN (0x4)
 *(.rodata)
 .rodata        0x08001a88        0x8 CMakeFiles/ST7735s.elf.dir/Core/Src/main.c.obj
 *(.rodata*)
 .rodata.main.str1.4
                0x08001a90        0xa CMakeFiles/ST7735s.elf.dir/Core/Src/main.c.obj
 *fill*         0x08001a9a        0x2 
 .rodata.imgT   0x08001a9c     0x7080 CMakeFiles/ST7735s.elf.dir/Core/Src/main.c.obj
                0x08001a9c                imgT
 .rodata.AHBPrescTable
                0x08008b1c       0x10 CMakeFiles/ST7735s.elf.dir/Core/Src/system_stm32f1xx.c.obj
                0x08008b1c                AHBPrescTable
 .rodata.APBPrescTable
                0x08008b2c        0x8 CMakeFiles/ST7735s.elf.dir/Core/Src/system_stm32f1xx.c.obj
                0x08008b2c                APBPrescTable
 .rodata.ascii_1206
                0x08008b34      0x474 CMakeFiles/ST7735s.elf.dir/Core/st7735s/lcd.c.obj
                0x08008b34                ascii_1206
 .rodata.ascii_1608
                0x08008fa8      0x5f0 CMakeFiles/ST7735s.elf.dir/Core/st7735s/lcd.c.obj
                0x08008fa8                ascii_1608
 .rodata.ascii_2412
                0x08009598     0x11d0 CMakeFiles/ST7735s.elf.dir/Core/st7735s/lcd.c.obj
                0x08009598                ascii_2412
 .rodata.ascii_3216
                0x0800a768     0x17c0 CMakeFiles/ST7735s.elf.dir/Core/st7735s/lcd.c.obj
                0x0800a768                ascii_3216
 .rodata.aPLLMULFactorTable.1
                0x0800bf28       0x10 CMakeFiles/ST7735s.elf.dir/Drivers/STM32F1xx_HAL_Driver/Src/stm32f1xx_hal_rcc.c.obj
 .rodata.aPredivFactorTable.0
                0x0800bf38        0x2 CMakeFiles/ST7735s.elf.dir/Drivers/STM32F1xx_HAL_Driver/Src/stm32f1xx_hal_rcc.c.obj
 *fill*         0x0800bf3a        0x2 
 .rodata._global_impure_ptr
                0x0800bf3c        0x4 d:/app/armgcc~1/102021~1.10/bin/../lib/gcc/arm-none-eabi/10.3.1/../../../../arm-none-eabi/lib/thumb/v7-m/nofp\libg.a(lib_a-impure.o)
                0x0800bf3c                _global_impure_ptr
                0x0800bf40                . = ALIGN (0x4)

.rel.dyn        0x0800bf40        0x0
 .rel.iplt      0x0800bf40        0x0 d:/app/armgcc~1/102021~1.10/bin/../lib/gcc/arm-none-eabi/10.3.1/thumb/v7-m/nofp/crtbegin.o

.ARM.extab      0x0800bf40        0x0
                0x0800bf40                . = ALIGN (0x4)
 *(.ARM.extab* .gnu.linkonce.armextab.*)
                0x0800bf40                . = ALIGN (0x4)

.ARM            0x0800bf40        0x0
                0x0800bf40                . = ALIGN (0x4)
                0x0800bf40                __exidx_start = .
 *(.ARM.exidx*)
                0x0800bf40                __exidx_end = .
                0x0800bf40                . = ALIGN (0x4)

.preinit_array  0x0800bf40        0x0
                0x0800bf40                . = ALIGN (0x4)
                0x0800bf40                PROVIDE (__preinit_array_start = .)
 *(.preinit_array*)
                0x0800bf40                PROVIDE (__preinit_array_end = .)
                0x0800bf40                . = ALIGN (0x4)

.init_array     0x0800bf40        0x8
                0x0800bf40                . = ALIGN (0x4)
                0x0800bf40                PROVIDE (__init_array_start = .)
 *(SORT_BY_NAME(.init_array.*))
 .init_array.00000
                0x0800bf40        0x4 d:/app/armgcc~1/102021~1.10/bin/../lib/gcc/arm-none-eabi/10.3.1/../../../../arm-none-eabi/lib/thumb/v7-m/nofp\libg.a(lib_a-__call_atexit.o)
 *(.init_array*)
 .init_array    0x0800bf44        0x4 d:/app/armgcc~1/102021~1.10/bin/../lib/gcc/arm-none-eabi/10.3.1/thumb/v7-m/nofp/crtbegin.o
                0x0800bf48                PROVIDE (__init_array_end = .)
                0x0800bf48                . = ALIGN (0x4)

.fini_array     0x0800bf48        0x4
                0x0800bf48                . = ALIGN (0x4)
                0x0800bf48                PROVIDE (__fini_array_start = .)
 *(SORT_BY_NAME(.fini_array.*))
 *(.fini_array*)
 .fini_array    0x0800bf48        0x4 d:/app/armgcc~1/102021~1.10/bin/../lib/gcc/arm-none-eabi/10.3.1/thumb/v7-m/nofp/crtbegin.o
                0x0800bf4c                PROVIDE (__fini_array_end = .)
                0x0800bf4c                . = ALIGN (0x4)
                0x0800bf4c                _sidata = LOADADDR (.data)

.data           0x20000000      0x43c load address 0x0800bf4c
                0x20000000                . = ALIGN (0x4)
                0x20000000                _sdata = .
 *(.data)
 *(.data*)
 .data.SystemCoreClock
                0x20000000        0x4 CMakeFiles/ST7735s.elf.dir/Core/Src/system_stm32f1xx.c.obj
                0x20000000                SystemCoreClock
 .data.uwTickFreq
                0x20000004        0x1 CMakeFiles/ST7735s.elf.dir/Drivers/STM32F1xx_HAL_Driver/Src/stm32f1xx_hal.c.obj
                0x20000004                uwTickFreq
 *fill*         0x20000005        0x3 
 .data.uwTickPrio
                0x20000008        0x4 CMakeFiles/ST7735s.elf.dir/Drivers/STM32F1xx_HAL_Driver/Src/stm32f1xx_hal.c.obj
                0x20000008                uwTickPrio
 *fill*         0x2000000c        0x4 
 .data.impure_data
                0x20000010      0x428 d:/app/armgcc~1/102021~1.10/bin/../lib/gcc/arm-none-eabi/10.3.1/../../../../arm-none-eabi/lib/thumb/v7-m/nofp\libg.a(lib_a-impure.o)
 .data.__atexit_recursive_mutex
                0x20000438        0x4 d:/app/armgcc~1/102021~1.10/bin/../lib/gcc/arm-none-eabi/10.3.1/../../../../arm-none-eabi/lib/thumb/v7-m/nofp\libg.a(lib_a-__call_atexit.o)
                0x20000438                __atexit_recursive_mutex
 *(.RamFunc)
 *(.RamFunc*)
                0x2000043c                . = ALIGN (0x4)
                0x2000043c                _edata = .

.igot.plt       0x2000043c        0x0 load address 0x0800c388
 .igot.plt      0x2000043c        0x0 d:/app/armgcc~1/102021~1.10/bin/../lib/gcc/arm-none-eabi/10.3.1/thumb/v7-m/nofp/crtbegin.o
                0x2000043c                . = ALIGN (0x4)

.bss            0x2000043c       0x6c load address 0x0800c388
                0x2000043c                _sbss = .
                0x2000043c                __bss_start__ = _sbss
 *(.bss)
 .bss           0x2000043c       0x1c d:/app/armgcc~1/102021~1.10/bin/../lib/gcc/arm-none-eabi/10.3.1/thumb/v7-m/nofp/crtbegin.o
 *(.bss*)
 .bss.huart1    0x20000458       0x48 CMakeFiles/ST7735s.elf.dir/Core/Src/main.c.obj
                0x20000458                huart1
 .bss.uwTick    0x200004a0        0x4 CMakeFiles/ST7735s.elf.dir/Drivers/STM32F1xx_HAL_Driver/Src/stm32f1xx_hal.c.obj
                0x200004a0                uwTick
 .bss.__lock___atexit_recursive_mutex
                0x200004a4        0x1 d:/app/armgcc~1/102021~1.10/bin/../lib/gcc/arm-none-eabi/10.3.1/../../../../arm-none-eabi/lib/thumb/v7-m/nofp\libg.a(lib_a-lock.o)
                0x200004a4                __lock___atexit_recursive_mutex
 *(COMMON)
                0x200004a8                . = ALIGN (0x4)
 *fill*         0x200004a5        0x3 
                0x200004a8                _ebss = .
                0x200004a8                __bss_end__ = _ebss

._user_heap_stack
                0x200004a8      0x600 load address 0x0800c388
                0x200004a8                . = ALIGN (0x8)
                [!provide]                PROVIDE (end = .)
                0x200004a8                PROVIDE (_end = .)
                0x200006a8                . = (. + _Min_Heap_Size)
 *fill*         0x200004a8      0x200 
                0x20000aa8                . = (. + _Min_Stack_Size)
 *fill*         0x200006a8      0x400 
                0x20000aa8                . = ALIGN (0x8)

/DISCARD/
 libc.a(*)
 libm.a(*)
 libgcc.a(*)

.ARM.attributes
                0x00000000       0x29
 *(.ARM.attributes)
 .ARM.attributes
                0x00000000       0x1d d:/app/armgcc~1/102021~1.10/bin/../lib/gcc/arm-none-eabi/10.3.1/thumb/v7-m/nofp/crti.o
 .ARM.attributes
                0x0000001d       0x2d d:/app/armgcc~1/102021~1.10/bin/../lib/gcc/arm-none-eabi/10.3.1/thumb/v7-m/nofp/crtbegin.o
 .ARM.attributes
                0x0000004a       0x2d CMakeFiles/ST7735s.elf.dir/Core/Src/main.c.obj
 .ARM.attributes
                0x00000077       0x2d CMakeFiles/ST7735s.elf.dir/Core/Src/stm32f1xx_hal_msp.c.obj
 .ARM.attributes
                0x000000a4       0x2d CMakeFiles/ST7735s.elf.dir/Core/Src/stm32f1xx_it.c.obj
 .ARM.attributes
                0x000000d1       0x2d CMakeFiles/ST7735s.elf.dir/Core/Src/system_stm32f1xx.c.obj
 .ARM.attributes
                0x000000fe       0x21 CMakeFiles/ST7735s.elf.dir/Core/Startup/startup_stm32f103rctx.s.obj
 .ARM.attributes
                0x0000011f       0x2d CMakeFiles/ST7735s.elf.dir/Core/st7735s/lcd.c.obj
 .ARM.attributes
                0x0000014c       0x2d CMakeFiles/ST7735s.elf.dir/Core/st7735s/lcd_init.c.obj
 .ARM.attributes
                0x00000179       0x2d CMakeFiles/ST7735s.elf.dir/Drivers/STM32F1xx_HAL_Driver/Src/stm32f1xx_hal.c.obj
 .ARM.attributes
                0x000001a6       0x2d CMakeFiles/ST7735s.elf.dir/Drivers/STM32F1xx_HAL_Driver/Src/stm32f1xx_hal_cortex.c.obj
 .ARM.attributes
                0x000001d3       0x2d CMakeFiles/ST7735s.elf.dir/Drivers/STM32F1xx_HAL_Driver/Src/stm32f1xx_hal_gpio.c.obj
 .ARM.attributes
                0x00000200       0x2d CMakeFiles/ST7735s.elf.dir/Drivers/STM32F1xx_HAL_Driver/Src/stm32f1xx_hal_rcc.c.obj
 .ARM.attributes
                0x0000022d       0x2d CMakeFiles/ST7735s.elf.dir/Drivers/STM32F1xx_HAL_Driver/Src/stm32f1xx_hal_uart.c.obj
 .ARM.attributes
                0x0000025a       0x1d d:/app/armgcc~1/102021~1.10/bin/../lib/gcc/arm-none-eabi/10.3.1/thumb/v7-m/nofp\libgcc.a(_arm_mulsf3.o)
 .ARM.attributes
                0x00000277       0x1d d:/app/armgcc~1/102021~1.10/bin/../lib/gcc/arm-none-eabi/10.3.1/thumb/v7-m/nofp\libgcc.a(_arm_fixunssfsi.o)
 .ARM.attributes
                0x00000294       0x2d d:/app/armgcc~1/102021~1.10/bin/../lib/gcc/arm-none-eabi/10.3.1/../../../../arm-none-eabi/lib/thumb/v7-m/nofp\libg.a(lib_a-impure.o)
 .ARM.attributes
                0x000002c1       0x2d d:/app/armgcc~1/102021~1.10/bin/../lib/gcc/arm-none-eabi/10.3.1/../../../../arm-none-eabi/lib/thumb/v7-m/nofp\libg.a(lib_a-init.o)
 .ARM.attributes
                0x000002ee       0x2d d:/app/armgcc~1/102021~1.10/bin/../lib/gcc/arm-none-eabi/10.3.1/../../../../arm-none-eabi/lib/thumb/v7-m/nofp\libg.a(lib_a-memset.o)
 .ARM.attributes
                0x0000031b       0x2d d:/app/armgcc~1/102021~1.10/bin/../lib/gcc/arm-none-eabi/10.3.1/../../../../arm-none-eabi/lib/thumb/v7-m/nofp\libg.a(lib_a-__call_atexit.o)
 .ARM.attributes
                0x00000348       0x2d d:/app/armgcc~1/102021~1.10/bin/../lib/gcc/arm-none-eabi/10.3.1/../../../../arm-none-eabi/lib/thumb/v7-m/nofp\libg.a(lib_a-atexit.o)
 .ARM.attributes
                0x00000375       0x2d d:/app/armgcc~1/102021~1.10/bin/../lib/gcc/arm-none-eabi/10.3.1/../../../../arm-none-eabi/lib/thumb/v7-m/nofp\libg.a(lib_a-fini.o)
 .ARM.attributes
                0x000003a2       0x2d d:/app/armgcc~1/102021~1.10/bin/../lib/gcc/arm-none-eabi/10.3.1/../../../../arm-none-eabi/lib/thumb/v7-m/nofp\libg.a(lib_a-lock.o)
 .ARM.attributes
                0x000003cf       0x2d d:/app/armgcc~1/102021~1.10/bin/../lib/gcc/arm-none-eabi/10.3.1/../../../../arm-none-eabi/lib/thumb/v7-m/nofp\libg.a(lib_a-__atexit.o)
 .ARM.attributes
                0x000003fc       0x1d d:/app/armgcc~1/102021~1.10/bin/../lib/gcc/arm-none-eabi/10.3.1/thumb/v7-m/nofp/crtn.o
OUTPUT(ST7735s.elf elf32-littlearm)
LOAD linker stubs
LOAD d:/app/armgcc~1/102021~1.10/bin/../lib/gcc/arm-none-eabi/10.3.1/../../../../arm-none-eabi/lib/thumb/v7-m/nofp\libc.a
LOAD d:/app/armgcc~1/102021~1.10/bin/../lib/gcc/arm-none-eabi/10.3.1/../../../../arm-none-eabi/lib/thumb/v7-m/nofp\libm.a
LOAD d:/app/armgcc~1/102021~1.10/bin/../lib/gcc/arm-none-eabi/10.3.1/thumb/v7-m/nofp\libgcc.a

.debug_info     0x00000000     0x9772
 .debug_info    0x00000000      0xca5 CMakeFiles/ST7735s.elf.dir/Core/Src/main.c.obj
 .debug_info    0x00000ca5      0x8a6 CMakeFiles/ST7735s.elf.dir/Core/Src/stm32f1xx_hal_msp.c.obj
 .debug_info    0x0000154b      0x130 CMakeFiles/ST7735s.elf.dir/Core/Src/stm32f1xx_it.c.obj
 .debug_info    0x0000167b      0x248 CMakeFiles/ST7735s.elf.dir/Core/Src/system_stm32f1xx.c.obj
 .debug_info    0x000018c3       0x22 CMakeFiles/ST7735s.elf.dir/Core/Startup/startup_stm32f103rctx.s.obj
 .debug_info    0x000018e5      0xb1c CMakeFiles/ST7735s.elf.dir/Core/st7735s/lcd.c.obj
 .debug_info    0x00002401      0xab7 CMakeFiles/ST7735s.elf.dir/Core/st7735s/lcd_init.c.obj
 .debug_info    0x00002eb8      0x80e CMakeFiles/ST7735s.elf.dir/Drivers/STM32F1xx_HAL_Driver/Src/stm32f1xx_hal.c.obj
 .debug_info    0x000036c6      0xdf0 CMakeFiles/ST7735s.elf.dir/Drivers/STM32F1xx_HAL_Driver/Src/stm32f1xx_hal_cortex.c.obj
 .debug_info    0x000044b6      0x66f CMakeFiles/ST7735s.elf.dir/Drivers/STM32F1xx_HAL_Driver/Src/stm32f1xx_hal_gpio.c.obj
 .debug_info    0x00004b25      0xa3b CMakeFiles/ST7735s.elf.dir/Drivers/STM32F1xx_HAL_Driver/Src/stm32f1xx_hal_rcc.c.obj
 .debug_info    0x00005560     0x4212 CMakeFiles/ST7735s.elf.dir/Drivers/STM32F1xx_HAL_Driver/Src/stm32f1xx_hal_uart.c.obj

.debug_abbrev   0x00000000     0x1578
 .debug_abbrev  0x00000000      0x238 CMakeFiles/ST7735s.elf.dir/Core/Src/main.c.obj
 .debug_abbrev  0x00000238      0x1b7 CMakeFiles/ST7735s.elf.dir/Core/Src/stm32f1xx_hal_msp.c.obj
 .debug_abbrev  0x000003ef       0x7e CMakeFiles/ST7735s.elf.dir/Core/Src/stm32f1xx_it.c.obj
 .debug_abbrev  0x0000046d      0x13e CMakeFiles/ST7735s.elf.dir/Core/Src/system_stm32f1xx.c.obj
 .debug_abbrev  0x000005ab       0x12 CMakeFiles/ST7735s.elf.dir/Core/Startup/startup_stm32f103rctx.s.obj
 .debug_abbrev  0x000005bd      0x1db CMakeFiles/ST7735s.elf.dir/Core/st7735s/lcd.c.obj
 .debug_abbrev  0x00000798      0x16e CMakeFiles/ST7735s.elf.dir/Core/st7735s/lcd_init.c.obj
 .debug_abbrev  0x00000906      0x1f4 CMakeFiles/ST7735s.elf.dir/Drivers/STM32F1xx_HAL_Driver/Src/stm32f1xx_hal.c.obj
 .debug_abbrev  0x00000afa      0x341 CMakeFiles/ST7735s.elf.dir/Drivers/STM32F1xx_HAL_Driver/Src/stm32f1xx_hal_cortex.c.obj
 .debug_abbrev  0x00000e3b      0x1e6 CMakeFiles/ST7735s.elf.dir/Drivers/STM32F1xx_HAL_Driver/Src/stm32f1xx_hal_gpio.c.obj
 .debug_abbrev  0x00001021      0x27a CMakeFiles/ST7735s.elf.dir/Drivers/STM32F1xx_HAL_Driver/Src/stm32f1xx_hal_rcc.c.obj
 .debug_abbrev  0x0000129b      0x2dd CMakeFiles/ST7735s.elf.dir/Drivers/STM32F1xx_HAL_Driver/Src/stm32f1xx_hal_uart.c.obj

.debug_aranges  0x00000000      0x638
 .debug_aranges
                0x00000000       0x40 CMakeFiles/ST7735s.elf.dir/Core/Src/main.c.obj
 .debug_aranges
                0x00000040       0x30 CMakeFiles/ST7735s.elf.dir/Core/Src/stm32f1xx_hal_msp.c.obj
 .debug_aranges
                0x00000070       0x60 CMakeFiles/ST7735s.elf.dir/Core/Src/stm32f1xx_it.c.obj
 .debug_aranges
                0x000000d0       0x28 CMakeFiles/ST7735s.elf.dir/Core/Src/system_stm32f1xx.c.obj
 .debug_aranges
                0x000000f8       0x28 CMakeFiles/ST7735s.elf.dir/Core/Startup/startup_stm32f103rctx.s.obj
 .debug_aranges
                0x00000120       0x68 CMakeFiles/ST7735s.elf.dir/Core/st7735s/lcd.c.obj
 .debug_aranges
                0x00000188       0x50 CMakeFiles/ST7735s.elf.dir/Core/st7735s/lcd_init.c.obj
 .debug_aranges
                0x000001d8       0xe0 CMakeFiles/ST7735s.elf.dir/Drivers/STM32F1xx_HAL_Driver/Src/stm32f1xx_hal.c.obj
 .debug_aranges
                0x000002b8       0x90 CMakeFiles/ST7735s.elf.dir/Drivers/STM32F1xx_HAL_Driver/Src/stm32f1xx_hal_cortex.c.obj
 .debug_aranges
                0x00000348       0x58 CMakeFiles/ST7735s.elf.dir/Drivers/STM32F1xx_HAL_Driver/Src/stm32f1xx_hal_gpio.c.obj
 .debug_aranges
                0x000003a0       0x90 CMakeFiles/ST7735s.elf.dir/Drivers/STM32F1xx_HAL_Driver/Src/stm32f1xx_hal_rcc.c.obj
 .debug_aranges
                0x00000430      0x208 CMakeFiles/ST7735s.elf.dir/Drivers/STM32F1xx_HAL_Driver/Src/stm32f1xx_hal_uart.c.obj

.debug_ranges   0x00000000      0x680
 .debug_ranges  0x00000000       0x30 CMakeFiles/ST7735s.elf.dir/Core/Src/main.c.obj
 .debug_ranges  0x00000030       0x20 CMakeFiles/ST7735s.elf.dir/Core/Src/stm32f1xx_hal_msp.c.obj
 .debug_ranges  0x00000050       0x50 CMakeFiles/ST7735s.elf.dir/Core/Src/stm32f1xx_it.c.obj
 .debug_ranges  0x000000a0       0x18 CMakeFiles/ST7735s.elf.dir/Core/Src/system_stm32f1xx.c.obj
 .debug_ranges  0x000000b8       0x20 CMakeFiles/ST7735s.elf.dir/Core/Startup/startup_stm32f103rctx.s.obj
 .debug_ranges  0x000000d8       0xc0 CMakeFiles/ST7735s.elf.dir/Core/st7735s/lcd.c.obj
 .debug_ranges  0x00000198       0x40 CMakeFiles/ST7735s.elf.dir/Core/st7735s/lcd_init.c.obj
 .debug_ranges  0x000001d8       0xd0 CMakeFiles/ST7735s.elf.dir/Drivers/STM32F1xx_HAL_Driver/Src/stm32f1xx_hal.c.obj
 .debug_ranges  0x000002a8       0xe0 CMakeFiles/ST7735s.elf.dir/Drivers/STM32F1xx_HAL_Driver/Src/stm32f1xx_hal_cortex.c.obj
 .debug_ranges  0x00000388       0x48 CMakeFiles/ST7735s.elf.dir/Drivers/STM32F1xx_HAL_Driver/Src/stm32f1xx_hal_gpio.c.obj
 .debug_ranges  0x000003d0       0xa0 CMakeFiles/ST7735s.elf.dir/Drivers/STM32F1xx_HAL_Driver/Src/stm32f1xx_hal_rcc.c.obj
 .debug_ranges  0x00000470      0x210 CMakeFiles/ST7735s.elf.dir/Drivers/STM32F1xx_HAL_Driver/Src/stm32f1xx_hal_uart.c.obj

.debug_line     0x00000000     0x7912
 .debug_line    0x00000000      0x4de CMakeFiles/ST7735s.elf.dir/Core/Src/main.c.obj
 .debug_line    0x000004de      0x2cc CMakeFiles/ST7735s.elf.dir/Core/Src/stm32f1xx_hal_msp.c.obj
 .debug_line    0x000007aa      0x1c5 CMakeFiles/ST7735s.elf.dir/Core/Src/stm32f1xx_it.c.obj
 .debug_line    0x0000096f      0x24a CMakeFiles/ST7735s.elf.dir/Core/Src/system_stm32f1xx.c.obj
 .debug_line    0x00000bb9       0xab CMakeFiles/ST7735s.elf.dir/Core/Startup/startup_stm32f103rctx.s.obj
 .debug_line    0x00000c64      0x72f CMakeFiles/ST7735s.elf.dir/Core/st7735s/lcd.c.obj
 .debug_line    0x00001393      0x33d CMakeFiles/ST7735s.elf.dir/Core/st7735s/lcd_init.c.obj
 .debug_line    0x000016d0      0x580 CMakeFiles/ST7735s.elf.dir/Drivers/STM32F1xx_HAL_Driver/Src/stm32f1xx_hal.c.obj
 .debug_line    0x00001c50      0x664 CMakeFiles/ST7735s.elf.dir/Drivers/STM32F1xx_HAL_Driver/Src/stm32f1xx_hal_cortex.c.obj
 .debug_line    0x000022b4      0x620 CMakeFiles/ST7735s.elf.dir/Drivers/STM32F1xx_HAL_Driver/Src/stm32f1xx_hal_gpio.c.obj
 .debug_line    0x000028d4      0xc49 CMakeFiles/ST7735s.elf.dir/Drivers/STM32F1xx_HAL_Driver/Src/stm32f1xx_hal_rcc.c.obj
 .debug_line    0x0000351d     0x43f5 CMakeFiles/ST7735s.elf.dir/Drivers/STM32F1xx_HAL_Driver/Src/stm32f1xx_hal_uart.c.obj

.debug_str      0x00000000     0x218a
 .debug_str     0x00000000      0x835 CMakeFiles/ST7735s.elf.dir/Core/Src/main.c.obj
                                0x8da (size before relaxing)
 .debug_str     0x00000835       0xb8 CMakeFiles/ST7735s.elf.dir/Core/Src/stm32f1xx_hal_msp.c.obj
                                0x6ea (size before relaxing)
 .debug_str     0x000008ed       0xdb CMakeFiles/ST7735s.elf.dir/Core/Src/stm32f1xx_it.c.obj
                                0x268 (size before relaxing)
 .debug_str     0x000009c8       0xa2 CMakeFiles/ST7735s.elf.dir/Core/Src/system_stm32f1xx.c.obj
                                0x29a (size before relaxing)
 .debug_str     0x00000a6a       0x5a CMakeFiles/ST7735s.elf.dir/Core/Startup/startup_stm32f103rctx.s.obj
                                 0x93 (size before relaxing)
 .debug_str     0x00000ac4      0x1a7 CMakeFiles/ST7735s.elf.dir/Core/st7735s/lcd.c.obj
                                0x3b3 (size before relaxing)
 .debug_str     0x00000c6b       0x69 CMakeFiles/ST7735s.elf.dir/Core/st7735s/lcd_init.c.obj
                                0x2b5 (size before relaxing)
 .debug_str     0x00000cd4      0x6f6 CMakeFiles/ST7735s.elf.dir/Drivers/STM32F1xx_HAL_Driver/Src/stm32f1xx_hal.c.obj
                                0x94e (size before relaxing)
 .debug_str     0x000013ca      0x3e9 CMakeFiles/ST7735s.elf.dir/Drivers/STM32F1xx_HAL_Driver/Src/stm32f1xx_hal_cortex.c.obj
                                0x9fd (size before relaxing)
 .debug_str     0x000017b3      0x139 CMakeFiles/ST7735s.elf.dir/Drivers/STM32F1xx_HAL_Driver/Src/stm32f1xx_hal_gpio.c.obj
                                0x446 (size before relaxing)
 .debug_str     0x000018ec      0x218 CMakeFiles/ST7735s.elf.dir/Drivers/STM32F1xx_HAL_Driver/Src/stm32f1xx_hal_rcc.c.obj
                                0x671 (size before relaxing)
 .debug_str     0x00001b04      0x686 CMakeFiles/ST7735s.elf.dir/Drivers/STM32F1xx_HAL_Driver/Src/stm32f1xx_hal_uart.c.obj
                                0xd3a (size before relaxing)

.comment        0x00000000       0x49
 .comment       0x00000000       0x49 CMakeFiles/ST7735s.elf.dir/Core/Src/main.c.obj
                                 0x4a (size before relaxing)
 .comment       0x00000049       0x4a CMakeFiles/ST7735s.elf.dir/Core/Src/stm32f1xx_hal_msp.c.obj
 .comment       0x00000049       0x4a CMakeFiles/ST7735s.elf.dir/Core/Src/stm32f1xx_it.c.obj
 .comment       0x00000049       0x4a CMakeFiles/ST7735s.elf.dir/Core/Src/system_stm32f1xx.c.obj
 .comment       0x00000049       0x4a CMakeFiles/ST7735s.elf.dir/Core/st7735s/lcd.c.obj
 .comment       0x00000049       0x4a CMakeFiles/ST7735s.elf.dir/Core/st7735s/lcd_init.c.obj
 .comment       0x00000049       0x4a CMakeFiles/ST7735s.elf.dir/Drivers/STM32F1xx_HAL_Driver/Src/stm32f1xx_hal.c.obj
 .comment       0x00000049       0x4a CMakeFiles/ST7735s.elf.dir/Drivers/STM32F1xx_HAL_Driver/Src/stm32f1xx_hal_cortex.c.obj
 .comment       0x00000049       0x4a CMakeFiles/ST7735s.elf.dir/Drivers/STM32F1xx_HAL_Driver/Src/stm32f1xx_hal_gpio.c.obj
 .comment       0x00000049       0x4a CMakeFiles/ST7735s.elf.dir/Drivers/STM32F1xx_HAL_Driver/Src/stm32f1xx_hal_rcc.c.obj
 .comment       0x00000049       0x4a CMakeFiles/ST7735s.elf.dir/Drivers/STM32F1xx_HAL_Driver/Src/stm32f1xx_hal_uart.c.obj

.debug_frame    0x00000000     0x117c
 .debug_frame   0x00000000       0x98 CMakeFiles/ST7735s.elf.dir/Core/Src/main.c.obj
 .debug_frame   0x00000098       0x60 CMakeFiles/ST7735s.elf.dir/Core/Src/stm32f1xx_hal_msp.c.obj
 .debug_frame   0x000000f8       0xa8 CMakeFiles/ST7735s.elf.dir/Core/Src/stm32f1xx_it.c.obj
 .debug_frame   0x000001a0       0x30 CMakeFiles/ST7735s.elf.dir/Core/Src/system_stm32f1xx.c.obj
 .debug_frame   0x000001d0      0x18c CMakeFiles/ST7735s.elf.dir/Core/st7735s/lcd.c.obj
 .debug_frame   0x0000035c       0xc8 CMakeFiles/ST7735s.elf.dir/Core/st7735s/lcd_init.c.obj
 .debug_frame   0x00000424      0x1cc CMakeFiles/ST7735s.elf.dir/Drivers/STM32F1xx_HAL_Driver/Src/stm32f1xx_hal.c.obj
 .debug_frame   0x000005f0      0x118 CMakeFiles/ST7735s.elf.dir/Drivers/STM32F1xx_HAL_Driver/Src/stm32f1xx_hal_cortex.c.obj
 .debug_frame   0x00000708       0xe4 CMakeFiles/ST7735s.elf.dir/Drivers/STM32F1xx_HAL_Driver/Src/stm32f1xx_hal_gpio.c.obj
 .debug_frame   0x000007ec      0x184 CMakeFiles/ST7735s.elf.dir/Drivers/STM32F1xx_HAL_Driver/Src/stm32f1xx_hal_rcc.c.obj
 .debug_frame   0x00000970      0x5d8 CMakeFiles/ST7735s.elf.dir/Drivers/STM32F1xx_HAL_Driver/Src/stm32f1xx_hal_uart.c.obj
 .debug_frame   0x00000f48       0x24 d:/app/armgcc~1/102021~1.10/bin/../lib/gcc/arm-none-eabi/10.3.1/thumb/v7-m/nofp\libgcc.a(_arm_mulsf3.o)
 .debug_frame   0x00000f6c       0x24 d:/app/armgcc~1/102021~1.10/bin/../lib/gcc/arm-none-eabi/10.3.1/thumb/v7-m/nofp\libgcc.a(_arm_fixunssfsi.o)
 .debug_frame   0x00000f90       0x2c d:/app/armgcc~1/102021~1.10/bin/../lib/gcc/arm-none-eabi/10.3.1/../../../../arm-none-eabi/lib/thumb/v7-m/nofp\libg.a(lib_a-init.o)
 .debug_frame   0x00000fbc       0x2c d:/app/armgcc~1/102021~1.10/bin/../lib/gcc/arm-none-eabi/10.3.1/../../../../arm-none-eabi/lib/thumb/v7-m/nofp\libg.a(lib_a-memset.o)
 .debug_frame   0x00000fe8       0x5c d:/app/armgcc~1/102021~1.10/bin/../lib/gcc/arm-none-eabi/10.3.1/../../../../arm-none-eabi/lib/thumb/v7-m/nofp\libg.a(lib_a-__call_atexit.o)
 .debug_frame   0x00001044       0x20 d:/app/armgcc~1/102021~1.10/bin/../lib/gcc/arm-none-eabi/10.3.1/../../../../arm-none-eabi/lib/thumb/v7-m/nofp\libg.a(lib_a-atexit.o)
 .debug_frame   0x00001064       0x34 d:/app/armgcc~1/102021~1.10/bin/../lib/gcc/arm-none-eabi/10.3.1/../../../../arm-none-eabi/lib/thumb/v7-m/nofp\libg.a(lib_a-fini.o)
 .debug_frame   0x00001098       0xb0 d:/app/armgcc~1/102021~1.10/bin/../lib/gcc/arm-none-eabi/10.3.1/../../../../arm-none-eabi/lib/thumb/v7-m/nofp\libg.a(lib_a-lock.o)
 .debug_frame   0x00001148       0x34 d:/app/armgcc~1/102021~1.10/bin/../lib/gcc/arm-none-eabi/10.3.1/../../../../arm-none-eabi/lib/thumb/v7-m/nofp\libg.a(lib_a-__atexit.o)

.debug_loc      0x00000000     0x67f9
 .debug_loc     0x00000000       0x99 CMakeFiles/ST7735s.elf.dir/Core/Src/stm32f1xx_hal_msp.c.obj
 .debug_loc     0x00000099       0xff CMakeFiles/ST7735s.elf.dir/Core/Src/system_stm32f1xx.c.obj
 .debug_loc     0x00000198      0x97f CMakeFiles/ST7735s.elf.dir/Core/st7735s/lcd.c.obj
 .debug_loc     0x00000b17      0x172 CMakeFiles/ST7735s.elf.dir/Core/st7735s/lcd_init.c.obj
 .debug_loc     0x00000c89      0x141 CMakeFiles/ST7735s.elf.dir/Drivers/STM32F1xx_HAL_Driver/Src/stm32f1xx_hal.c.obj
 .debug_loc     0x00000dca      0x71f CMakeFiles/ST7735s.elf.dir/Drivers/STM32F1xx_HAL_Driver/Src/stm32f1xx_hal_cortex.c.obj
 .debug_loc     0x000014e9      0x47d CMakeFiles/ST7735s.elf.dir/Drivers/STM32F1xx_HAL_Driver/Src/stm32f1xx_hal_gpio.c.obj
 .debug_loc     0x00001966      0x618 CMakeFiles/ST7735s.elf.dir/Drivers/STM32F1xx_HAL_Driver/Src/stm32f1xx_hal_rcc.c.obj
 .debug_loc     0x00001f7e     0x487b CMakeFiles/ST7735s.elf.dir/Drivers/STM32F1xx_HAL_Driver/Src/stm32f1xx_hal_uart.c.obj
